=== RUN   TestIdleTimeoutPacingOverTLSAndMissingLeaders
    idle_timeout_test.go:48: readiness node6 view5 cert3 allowed3 pending<nil> ownvotetrue
    idle_timeout_test.go:48: readiness node6 view5 cert3 allowed3 pending<nil> ownvotetrue
    idle_timeout_test.go:48: readiness node6 view5 cert3 allowed3 pending<nil> ownvotetrue
    idle_timeout_test.go:48: readiness node6 view5 cert3 allowed3 pending<nil> ownvotetrue
    idle_timeout_test.go:48: readiness node3 view5 cert3 allowed3 pending<nil> ownvotetrue
    idle_timeout_test.go:48: readiness node3 view5 cert3 allowed3 pending<nil> ownvotetrue
    idle_timeout_test.go:48: readiness node6 view5 cert3 allowed3 pending<nil> ownvotetrue
    idle_timeout_test.go:48: readiness node3 view5 cert3 allowed3 pending<nil> ownvotetrue
    idle_timeout_test.go:48: readiness node6 view5 cert3 allowed3 pending<nil> ownvotetrue
    idle_timeout_test.go:48: readiness node3 view5 cert3 allowed3 pending<nil> ownvotetrue
    idle_timeout_test.go:48: readiness node6 view5 cert3 allowed3 pending<nil> ownvotetrue
    idle_timeout_test.go:48: readiness node3 view5 cert3 allowed3 pending<nil> ownvotetrue
    idle_timeout_test.go:48: readiness node6 view5 cert3 allowed3 pending<nil> ownvotetrue
    idle_timeout_test.go:48: readiness node0 view5 cert3 allowed3 pending<nil> ownvotetrue
    idle_timeout_test.go:48: readiness node0 view5 cert3 allowed3 pending<nil> ownvotetrue
    idle_timeout_test.go:48: readiness node0 view5 cert3 allowed3 pending<nil> ownvotetrue
    idle_timeout_test.go:48: readiness node3 view5 cert3 allowed3 pending<nil> ownvotetrue
    idle_timeout_test.go:48: readiness node5 view5 cert3 allowed3 pending<nil> ownvotetrue
    idle_timeout_test.go:48: readiness node5 view5 cert3 allowed3 pending<nil> ownvotetrue
    idle_timeout_test.go:48: readiness node5 view5 cert3 allowed3 pending<nil> ownvotetrue
    idle_timeout_test.go:48: readiness node6 view5 cert3 allowed3 pending<nil> ownvotetrue
    idle_timeout_test.go:48: readiness node1 view5 cert3 allowed3 pending<nil> ownvotetrue
    idle_timeout_test.go:48: readiness node1 view5 cert3 allowed3 pending<nil> ownvotetrue
    idle_timeout_test.go:48: readiness node6 view5 cert3 allowed3 pending<nil> ownvotetrue
    idle_timeout_test.go:48: readiness node0 view5 cert3 allowed3 pending<nil> ownvotetrue
    idle_timeout_test.go:48: readiness node5 view5 cert3 allowed3 pending<nil> ownvotetrue
    idle_timeout_test.go:48: readiness node3 view5 cert3 allowed3 pending<nil> ownvotetrue
    idle_timeout_test.go:48: readiness node1 view5 cert3 allowed3 pending<nil> ownvotetrue
    idle_timeout_test.go:48: readiness node6 view5 cert3 allowed3 pending<nil> ownvotetrue
    idle_timeout_test.go:48: readiness node0 view5 cert3 allowed3 pending<nil> ownvotetrue
    idle_timeout_test.go:48: readiness node5 view5 cert3 allowed3 pending<nil> ownvotetrue
    idle_timeout_test.go:48: readiness node1 view5 cert3 allowed3 pending<nil> ownvotetrue
    idle_timeout_test.go:48: readiness node3 view5 cert3 allowed3 pending<nil> ownvotetrue
    idle_timeout_test.go:48: readiness node0 view5 cert3 allowed3 pending<nil> ownvotetrue
    idle_timeout_test.go:48: readiness node1 view5 cert3 allowed3 pending<nil> ownvotetrue
    idle_timeout_test.go:48: readiness node6 view5 cert3 allowed3 pending<nil> ownvotetrue
    idle_timeout_test.go:48: readiness node3 view5 cert3 allowed3 pending<nil> ownvotetrue
    idle_timeout_test.go:48: readiness node0 view5 cert3 allowed3 pending<nil> ownvotetrue
    idle_timeout_test.go:48: readiness node5 view5 cert3 allowed3 pending<nil> ownvotetrue
    idle_timeout_test.go:48: readiness node1 view5 cert3 allowed3 pending<nil> ownvotetrue
    idle_timeout_test.go:48: readiness node3 view5 cert3 allowed3 pending<nil> ownvotetrue
    idle_timeout_test.go:48: readiness node6 view5 cert3 allowed3 pending<nil> ownvotetrue
    idle_timeout_test.go:48: readiness node0 view5 cert3 allowed3 pending<nil> ownvotetrue
    idle_timeout_test.go:48: readiness node1 view5 cert3 allowed3 pending<nil> ownvotetrue
    idle_timeout_test.go:48: readiness node3 view5 cert3 allowed3 pending<nil> ownvotetrue
    idle_timeout_test.go:48: readiness node5 view5 cert3 allowed3 pending<nil> ownvotetrue
    idle_timeout_test.go:48: readiness node5 view5 cert3 allowed3 pending<nil> ownvotetrue
    idle_timeout_test.go:48: readiness node6 view5 cert3 allowed3 pending<nil> ownvotetrue
    idle_timeout_test.go:48: readiness node6 view5 cert3 allowed3 pending<nil> ownvotetrue
    idle_timeout_test.go:48: readiness node0 view5 cert3 allowed3 pending<nil> ownvotetrue
    idle_timeout_test.go:48: readiness node5 view5 cert3 allowed3 pending<nil> ownvotetrue
    idle_timeout_test.go:48: readiness node3 view5 cert3 allowed3 pending<nil> ownvotetrue
    idle_timeout_test.go:48: readiness node1 view5 cert3 allowed3 pending<nil> ownvotetrue
    idle_timeout_test.go:48: readiness node6 view5 cert3 allowed3 pending<nil> ownvotetrue
    idle_timeout_test.go:48: readiness node0 view5 cert3 allowed3 pending<nil> ownvotetrue
    idle_timeout_test.go:48: readiness node5 view5 cert3 allowed3 pending<nil> ownvotetrue
    idle_timeout_test.go:48: readiness node0 view5 cert3 allowed3 pending<nil> ownvotetrue
    idle_timeout_test.go:48: readiness node1 view5 cert3 allowed3 pending<nil> ownvotetrue
    idle_timeout_test.go:48: readiness node1 view5 cert3 allowed3 pending<nil> ownvotetrue
    idle_timeout_test.go:48: readiness node3 view5 cert3 allowed3 pending<nil> ownvotetrue
    idle_timeout_test.go:48: readiness node6 view5 cert3 allowed3 pending<nil> ownvotetrue
    idle_timeout_test.go:48: readiness node3 view5 cert3 allowed3 pending<nil> ownvotetrue
    idle_timeout_test.go:48: readiness node0 view5 cert3 allowed3 pending<nil> ownvotetrue
    idle_timeout_test.go:48: readiness node5 view5 cert3 allowed3 pending<nil> ownvotetrue
    idle_timeout_test.go:48: readiness node3 view5 cert3 allowed3 pending<nil> ownvotetrue
    idle_timeout_test.go:48: readiness node1 view5 cert3 allowed3 pending<nil> ownvotetrue
    idle_timeout_test.go:48: readiness node6 view5 cert3 allowed3 pending<nil> ownvotetrue
    idle_timeout_test.go:48: readiness node0 view5 cert3 allowed3 pending<nil> ownvotetrue
    idle_timeout_test.go:48: readiness node5 view5 cert3 allowed3 pending<nil> ownvotetrue
    idle_timeout_test.go:48: readiness node1 view5 cert3 allowed3 pending<nil> ownvotetrue
    idle_timeout_test.go:48: readiness node3 view5 cert3 allowed3 pending<nil> ownvotetrue
    idle_timeout_test.go:48: readiness node6 view5 cert3 allowed3 pending<nil> ownvotetrue
    idle_timeout_test.go:48: readiness node0 view5 cert3 allowed3 pending<nil> ownvotetrue
    idle_timeout_test.go:48: readiness node5 view5 cert3 allowed3 pending<nil> ownvotetrue
    idle_timeout_test.go:48: readiness node3 view5 cert3 allowed3 pending<nil> ownvotetrue
    idle_timeout_test.go:48: readiness node1 view5 cert3 allowed3 pending<nil> ownvotetrue
    idle_timeout_test.go:48: readiness node6 view5 cert3 allowed3 pending<nil> ownvotetrue
    idle_timeout_test.go:48: readiness node4 view5 cert3 allowed3 pending<nil> ownvotetrue
    idle_timeout_test.go:48: readiness node4 view5 cert3 allowed3 pending<nil> ownvotetrue
    idle_timeout_test.go:48: readiness node4 view5 cert3 allowed3 pending<nil> ownvotetrue
    idle_timeout_test.go:48: readiness node5 view5 cert3 allowed3 pending<nil> ownvotetrue
    idle_timeout_test.go:48: readiness node6 view5 cert3 allowed3 pending<nil> ownvotetrue
    idle_timeout_test.go:48: readiness node0 view5 cert3 allowed3 pending<nil> ownvotetrue
    idle_timeout_test.go:48: readiness node5 view5 cert3 allowed3 pending<nil> ownvotetrue
    idle_timeout_test.go:48: readiness node4 view5 cert3 allowed3 pending<nil> ownvotetrue
    idle_timeout_test.go:48: readiness node1 view5 cert3 allowed3 pending<nil> ownvotetrue
    idle_timeout_test.go:48: readiness node3 view5 cert3 allowed3 pending<nil> ownvotetrue
    idle_timeout_test.go:48: readiness node6 view5 cert3 allowed3 pending<nil> ownvotetrue
    idle_timeout_test.go:48: readiness node4 view5 cert3 allowed3 pending<nil> ownvotetrue
    idle_timeout_test.go:48: readiness node0 view5 cert3 allowed3 pending<nil> ownvotetrue
    idle_timeout_test.go:48: readiness node1 view5 cert3 allowed3 pending<nil> ownvotetrue
    idle_timeout_test.go:48: readiness node3 view5 cert3 allowed3 pending<nil> ownvotetrue
    idle_timeout_test.go:48: readiness node5 view5 cert3 allowed3 pending<nil> ownvotetrue
    idle_timeout_test.go:48: readiness node6 view5 cert3 allowed3 pending<nil> ownvotetrue
    idle_timeout_test.go:48: readiness node0 view5 cert3 allowed3 pending<nil> ownvotetrue
    idle_timeout_test.go:48: readiness node4 view5 cert3 allowed3 pending<nil> ownvotetrue
    idle_timeout_test.go:48: readiness node0 view5 cert3 allowed3 pending<nil> ownvotetrue
    idle_timeout_test.go:48: readiness node1 view5 cert3 allowed3 pending<nil> ownvotetrue
    idle_timeout_test.go:48: readiness node3 view5 cert3 allowed3 pending<nil> ownvotetrue
    idle_timeout_test.go:48: readiness node4 view5 cert3 allowed3 pending<nil> ownvotetrue
    idle_timeout_test.go:48: readiness node5 view5 cert3 allowed3 pending<nil> ownvotetrue
    idle_timeout_test.go:48: readiness node6 view5 cert3 allowed3 pending<nil> ownvotetrue
    idle_timeout_test.go:48: readiness node5 view5 cert3 allowed3 pending<nil> ownvotetrue
    idle_timeout_test.go:48: readiness node3 view5 cert3 allowed3 pending<nil> ownvotetrue
    idle_timeout_test.go:48: readiness node1 view5 cert3 allowed3 pending<nil> ownvotetrue
    idle_timeout_test.go:48: readiness node6 view5 cert3 allowed3 pending<nil> ownvotetrue
    idle_timeout_test.go:48: readiness node0 view5 cert3 allowed3 pending<nil> ownvotetrue
    idle_timeout_test.go:48: readiness node4 view5 cert3 allowed3 pending<nil> ownvotetrue
    idle_timeout_test.go:48: readiness node5 view5 cert3 allowed3 pending<nil> ownvotetrue
    idle_timeout_test.go:48: readiness node1 view5 cert3 allowed3 pending<nil> ownvotetrue
    idle_timeout_test.go:48: readiness node6 view5 cert3 allowed3 pending<nil> ownvotetrue
    idle_timeout_test.go:48: readiness node3 view5 cert3 allowed3 pending<nil> ownvotetrue
    idle_timeout_test.go:48: readiness node4 view5 cert3 allowed3 pending<nil> ownvotetrue
    idle_timeout_test.go:48: readiness node0 view5 cert3 allowed3 pending<nil> ownvotetrue
    idle_timeout_test.go:48: readiness node0 view5 cert3 allowed3 pending<nil> ownvotetrue
    idle_timeout_test.go:48: readiness node1 view5 cert3 allowed3 pending<nil> ownvotetrue
    idle_timeout_test.go:48: readiness node3 view5 cert3 allowed3 pending<nil> ownvotetrue
    idle_timeout_test.go:48: readiness node5 view5 cert3 allowed3 pending<nil> ownvotetrue
    idle_timeout_test.go:48: readiness node6 view5 cert3 allowed3 pending<nil> ownvotetrue
    idle_timeout_test.go:48: readiness node4 view5 cert3 allowed3 pending<nil> ownvotetrue
    idle_timeout_test.go:48: readiness node5 view5 cert3 allowed3 pending<nil> ownvotetrue
    idle_timeout_test.go:48: readiness node1 view5 cert3 allowed3 pending<nil> ownvotetrue
    idle_timeout_test.go:48: readiness node3 view5 cert3 allowed3 pending<nil> ownvotetrue
    idle_timeout_test.go:48: readiness node4 view5 cert3 allowed3 pending<nil> ownvotetrue
    idle_timeout_test.go:48: readiness node6 view5 cert3 allowed3 pending<nil> ownvotetrue
    idle_timeout_test.go:48: readiness node0 view5 cert3 allowed3 pending<nil> ownvotetrue
    idle_timeout_test.go:48: readiness node3 view5 cert3 allowed3 pending<nil> ownvotetrue
    idle_timeout_test.go:48: readiness node6 view5 cert3 allowed3 pending<nil> ownvotetrue
    idle_timeout_test.go:48: readiness node5 view5 cert3 allowed3 pending<nil> ownvotetrue
    idle_timeout_test.go:48: readiness node1 view5 cert3 allowed3 pending<nil> ownvotetrue
    idle_timeout_test.go:48: readiness node4 view5 cert3 allowed3 pending<nil> ownvotetrue
    idle_timeout_test.go:48: readiness node0 view5 cert3 allowed3 pending<nil> ownvotetrue
    idle_timeout_test.go:48: readiness node0 view5 cert3 allowed3 pending<nil> ownvotetrue
    idle_timeout_test.go:48: readiness node1 view5 cert3 allowed3 pending<nil> ownvotetrue
    idle_timeout_test.go:48: readiness node3 view5 cert3 allowed3 pending<nil> ownvotetrue
    idle_timeout_test.go:48: readiness node4 view5 cert3 allowed3 pending<nil> ownvotetrue
    idle_timeout_test.go:48: readiness node5 view5 cert3 allowed3 pending<nil> ownvotetrue
    idle_timeout_test.go:48: readiness node6 view5 cert3 allowed3 pending<nil> ownvotetrue
    idle_timeout_test.go:48: readiness node5 view5 cert3 allowed3 pending<nil> ownvotetrue
    idle_timeout_test.go:48: readiness node3 view5 cert3 allowed3 pending<nil> ownvotetrue
    idle_timeout_test.go:48: readiness node1 view5 cert3 allowed3 pending<nil> ownvotetrue
    idle_timeout_test.go:48: readiness node6 view5 cert3 allowed3 pending<nil> ownvotetrue
    idle_timeout_test.go:48: readiness node4 view5 cert3 allowed3 pending<nil> ownvotetrue
    idle_timeout_test.go:48: readiness node0 view5 cert3 allowed3 pending<nil> ownvotetrue
    idle_timeout_test.go:48: readiness node5 view5 cert3 allowed3 pending<nil> ownvotetrue
    idle_timeout_test.go:48: readiness node1 view5 cert3 allowed3 pending<nil> ownvotetrue
    idle_timeout_test.go:48: readiness node3 view5 cert3 allowed3 pending<nil> ownvotetrue
    idle_timeout_test.go:48: readiness node6 view5 cert3 allowed3 pending<nil> ownvotetrue
    idle_timeout_test.go:48: readiness node4 view5 cert3 allowed3 pending<nil> ownvotetrue
    idle_timeout_test.go:48: readiness node0 view5 cert3 allowed3 pending<nil> ownvotetrue
    idle_timeout_test.go:48: readiness node0 view5 cert3 allowed3 pending<nil> ownvotetrue
    idle_timeout_test.go:48: readiness node1 view5 cert3 allowed3 pending<nil> ownvotetrue
    idle_timeout_test.go:48: readiness node3 view5 cert3 allowed3 pending<nil> ownvotetrue
    idle_timeout_test.go:48: readiness node4 view5 cert3 allowed3 pending<nil> ownvotetrue
    idle_timeout_test.go:48: readiness node6 view5 cert3 allowed3 pending<nil> ownvotetrue
    idle_timeout_test.go:48: readiness node5 view5 cert3 allowed3 pending<nil> ownvotetrue
    idle_timeout_test.go:48: readiness node5 view5 cert3 allowed3 pending<nil> ownvotetrue
    idle_timeout_test.go:48: readiness node1 view5 cert3 allowed3 pending<nil> ownvotetrue
    idle_timeout_test.go:48: readiness node3 view5 cert3 allowed3 pending<nil> ownvotetrue
    idle_timeout_test.go:48: readiness node4 view5 cert3 allowed3 pending<nil> ownvotetrue
    idle_timeout_test.go:48: readiness node6 view5 cert3 allowed3 pending<nil> ownvotetrue
    idle_timeout_test.go:48: readiness node0 view5 cert3 allowed3 pending<nil> ownvotetrue
    idle_timeout_test.go:48: readiness node5 view5 cert3 allowed3 pending<nil> ownvotetrue
    idle_timeout_test.go:48: readiness node1 view5 cert3 allowed3 pending<nil> ownvotetrue
    idle_timeout_test.go:48: readiness node3 view5 cert3 allowed3 pending<nil> ownvotetrue
    idle_timeout_test.go:48: readiness node6 view5 cert3 allowed3 pending<nil> ownvotetrue
    idle_timeout_test.go:48: readiness node4 view5 cert3 allowed3 pending<nil> ownvotetrue
    idle_timeout_test.go:48: readiness node0 view5 cert3 allowed3 pending<nil> ownvotetrue
    idle_timeout_test.go:48: readiness node0 view5 cert3 allowed3 pending<nil> ownvotetrue
    idle_timeout_test.go:48: readiness node1 view5 cert3 allowed3 pending<nil> ownvotetrue
    idle_timeout_test.go:48: readiness node3 view5 cert3 allowed3 pending<nil> ownvotetrue
    idle_timeout_test.go:48: readiness node4 view5 cert3 allowed3 pending<nil> ownvotetrue
    idle_timeout_test.go:48: readiness node5 view5 cert3 allowed3 pending<nil> ownvotetrue
    idle_timeout_test.go:48: readiness node6 view5 cert3 allowed3 pending<nil> ownvotetrue
    idle_timeout_test.go:48: readiness node5 view5 cert3 allowed3 pending<nil> ownvotetrue
    idle_timeout_test.go:48: readiness node1 view5 cert3 allowed3 pending<nil> ownvotetrue
    idle_timeout_test.go:48: readiness node3 view5 cert3 allowed3 pending<nil> ownvotetrue
    idle_timeout_test.go:48: readiness node6 view5 cert3 allowed3 pending<nil> ownvotetrue
    idle_timeout_test.go:48: readiness node4 view5 cert3 allowed3 pending<nil> ownvotetrue
    idle_timeout_test.go:48: readiness node0 view5 cert3 allowed3 pending<nil> ownvotetrue
    idle_timeout_test.go:48: readiness node5 view5 cert3 allowed3 pending<nil> ownvotetrue
    idle_timeout_test.go:48: readiness node1 view5 cert3 allowed3 pending<nil> ownvotetrue
    idle_timeout_test.go:48: readiness node3 view5 cert3 allowed3 pending<nil> ownvotetrue
    idle_timeout_test.go:48: readiness node6 view5 cert3 allowed3 pending<nil> ownvotetrue
    idle_timeout_test.go:48: readiness node4 view5 cert3 allowed3 pending<nil> ownvotetrue
    idle_timeout_test.go:48: readiness node0 view5 cert3 allowed3 pending<nil> ownvotetrue
    idle_timeout_test.go:48: readiness node5 view5 cert3 allowed3 pending<nil> ownvotetrue
    idle_timeout_test.go:48: readiness node0 view5 cert3 allowed3 pending<nil> ownvotetrue
    idle_timeout_test.go:48: readiness node1 view5 cert3 allowed3 pending<nil> ownvotetrue
    idle_timeout_test.go:48: readiness node4 view5 cert3 allowed3 pending<nil> ownvotetrue
    idle_timeout_test.go:48: readiness node5 view5 cert3 allowed3 pending<nil> ownvotetrue
    idle_timeout_test.go:48: readiness node6 view5 cert3 allowed3 pending<nil> ownvotetrue
    idle_timeout_test.go:48: readiness node3 view5 cert3 allowed3 pending<nil> ownvotetrue
    idle_timeout_test.go:48: readiness node3 view5 cert3 allowed3 pending<nil> ownvotetrue
    idle_timeout_test.go:48: readiness node1 view5 cert3 allowed3 pending<nil> ownvotetrue
    idle_timeout_test.go:48: readiness node6 view5 cert3 allowed3 pending<nil> ownvotetrue
    idle_timeout_test.go:48: readiness node4 view5 cert3 allowed3 pending<nil> ownvotetrue
    idle_timeout_test.go:48: readiness node0 view5 cert3 allowed3 pending<nil> ownvotetrue
    idle_timeout_test.go:48: readiness node3 view5 cert3 allowed3 pending<nil> ownvotetrue
    idle_timeout_test.go:48: readiness node5 view5 cert3 allowed3 pending<nil> ownvotetrue
    idle_timeout_test.go:48: readiness node1 view5 cert3 allowed3 pending<nil> ownvotetrue
    idle_timeout_test.go:48: readiness node6 view5 cert3 allowed3 pending<nil> ownvotetrue
    idle_timeout_test.go:48: readiness node4 view5 cert3 allowed3 pending<nil> ownvotetrue
    idle_timeout_test.go:48: readiness node0 view5 cert3 allowed3 pending<nil> ownvotetrue
    idle_timeout_test.go:48: readiness node6 view5 cert3 allowed3 pending&{Version:3 ChainID:9127001 TimedOutView:5 KeyNumber:1 KeyHash:[102 65 159 216 62 176 233 222 149 228 196 132 227 225 212 5 179 13 38 167 76 114 118 255 229 158 181 42 43 212 43 123] CommitteeHash:[100 235 173 118 100 130 198 209 163 92 138 175 167 119 169 110 95 194 246 159 58 85 188 135 94 217 69 79 2 125 254 123]} ownvotetrue
    idle_timeout_test.go:48: readiness node5 view5 cert3 allowed3 pending<nil> ownvotetrue
    idle_timeout_test.go:48: readiness node0 view5 cert3 allowed3 pending<nil> ownvotetrue
    idle_timeout_test.go:48: readiness node1 view5 cert3 allowed3 pending<nil> ownvotetrue
    idle_timeout_test.go:48: readiness node3 view5 cert3 allowed3 pending<nil> ownvotetrue
    idle_timeout_test.go:48: readiness node6 view5 cert3 allowed3 pending&{Version:3 ChainID:9127001 TimedOutView:5 KeyNumber:1 KeyHash:[102 65 159 216 62 176 233 222 149 228 196 132 227 225 212 5 179 13 38 167 76 114 118 255 229 158 181 42 43 212 43 123] CommitteeHash:[100 235 173 118 100 130 198 209 163 92 138 175 167 119 169 110 95 194 246 159 58 85 188 135 94 217 69 79 2 125 254 123]} ownvotetrue
    idle_timeout_test.go:48: readiness node4 view5 cert3 allowed3 pending<nil> ownvotetrue
    idle_timeout_test.go:48: readiness node0 view5 cert3 allowed3 pending<nil> ownvotetrue
    idle_timeout_test.go:48: readiness node1 view5 cert3 allowed3 pending<nil> ownvotetrue
    idle_timeout_test.go:48: readiness node3 view5 cert3 allowed3 pending<nil> ownvotetrue
    idle_timeout_test.go:48: readiness node4 view5 cert3 allowed3 pending<nil> ownvotetrue
    idle_timeout_test.go:48: readiness node4 view5 cert3 allowed3 pending<nil> ownvotetrue
    idle_timeout_test.go:48: readiness node5 view5 cert3 allowed3 pending<nil> ownvotetrue
    idle_timeout_test.go:48: readiness node0 view5 cert3 allowed3 pending<nil> ownvotetrue
    idle_timeout_test.go:48: readiness node1 view5 cert3 allowed3 pending<nil> ownvotetrue
    idle_timeout_test.go:48: readiness node1 view5 cert3 allowed3 pending<nil> ownvotetrue
    idle_timeout_test.go:48: readiness node4 view5 cert3 allowed3 pending<nil> ownvotetrue
    idle_timeout_test.go:48: readiness node5 view5 cert3 allowed3 pending<nil> ownvotetrue
    idle_timeout_test.go:48: readiness node3 view5 cert3 allowed3 pending<nil> ownvotetrue
    idle_timeout_test.go:48: readiness node3 view5 cert3 allowed3 pending<nil> ownvotetrue
    idle_timeout_test.go:48: readiness node0 view5 cert3 allowed3 pending<nil> ownvotetrue
    idle_timeout_test.go:48: readiness node6 view5 cert3 allowed3 pending&{Version:3 ChainID:9127001 TimedOutView:5 KeyNumber:1 KeyHash:[102 65 159 216 62 176 233 222 149 228 196 132 227 225 212 5 179 13 38 167 76 114 118 255 229 158 181 42 43 212 43 123] CommitteeHash:[100 235 173 118 100 130 198 209 163 92 138 175 167 119 169 110 95 194 246 159 58 85 188 135 94 217 69 79 2 125 254 123]} ownvotetrue
    idle_timeout_test.go:48: readiness node6 view5 cert3 allowed3 pending&{Version:3 ChainID:9127001 TimedOutView:5 KeyNumber:1 KeyHash:[102 65 159 216 62 176 233 222 149 228 196 132 227 225 212 5 179 13 38 167 76 114 118 255 229 158 181 42 43 212 43 123] CommitteeHash:[100 235 173 118 100 130 198 209 163 92 138 175 167 119 169 110 95 194 246 159 58 85 188 135 94 217 69 79 2 125 254 123]} ownvotetrue
    idle_timeout_test.go:48: readiness node6 view5 cert3 allowed3 pending&{Version:3 ChainID:9127001 TimedOutView:5 KeyNumber:1 KeyHash:[102 65 159 216 62 176 233 222 149 228 196 132 227 225 212 5 179 13 38 167 76 114 118 255 229 158 181 42 43 212 43 123] CommitteeHash:[100 235 173 118 100 130 198 209 163 92 138 175 167 119 169 110 95 194 246 159 58 85 188 135 94 217 69 79 2 125 254 123]} ownvotetrue
    idle_timeout_test.go:146: node6: idle interval changed: certified=3 expected=3 view=5 expected=5 pending=&{Version:3 ChainID:9127001 TimedOutView:5 KeyNumber:1 KeyHash:[102 65 159 216 62 176 233 222 149 228 196 132 227 225 212 5 179 13 38 167 76 114 118 255 229 158 181 42 43 212 43 123] CommitteeHash:[100 235 173 118 100 130 198 209 163 92 138 175 167 119 169 110 95 194 246 159 58 85 188 135 94 217 69 79 2 125 254 123]} vote=true
    idle_timeout_test.go:48: readiness node5 view5 cert3 allowed3 pending<nil> ownvotetrue
    idle_timeout_test.go:48: readiness node5 view5 cert3 allowed3 pending<nil> ownvotetrue
--- FAIL: TestIdleTimeoutPacingOverTLSAndMissingLeaders (5.53s)
FAIL
FAIL	github.com/cypherium/cypher/dex/service	5.575s
FAIL
