=== RUN   TestHTTPErrorResponseWithDelete
--- PASS: TestHTTPErrorResponseWithDelete (0.00s)
=== RUN   TestHTTPErrorResponseWithPut
--- PASS: TestHTTPErrorResponseWithPut (0.00s)
=== RUN   TestHTTPErrorResponseWithMaxContentLength
--- PASS: TestHTTPErrorResponseWithMaxContentLength (1.55s)
=== RUN   TestHTTPErrorResponseWithEmptyContentType
--- PASS: TestHTTPErrorResponseWithEmptyContentType (0.00s)
=== RUN   TestHTTPErrorResponseWithValidRequest
--- PASS: TestHTTPErrorResponseWithValidRequest (0.00s)
=== RUN   TestHTTPResponseWithEmptyGet
--- PASS: TestHTTPResponseWithEmptyGet (0.02s)
=== RUN   TestRawTransactionBatchUsesBoundedParallelFastPath
--- PASS: TestRawTransactionBatchUsesBoundedParallelFastPath (0.05s)
=== RUN   TestRawTransactionBatchParallelFastPathIsNodeBounded
--- PASS: TestRawTransactionBatchParallelFastPathIsNodeBounded (0.30s)
=== RUN   TestRawTransactionParallelLimitIncludesSingleRequestShapes
--- PASS: TestRawTransactionParallelLimitIncludesSingleRequestShapes (0.20s)
=== RUN   TestMixedBatchRetainsSerialExecution
--- PASS: TestMixedBatchRetainsSerialExecution (0.06s)
=== RUN   TestHTTPResponseWriteDeadlineStartsWhenRPCCompletesHTTP1
--- PASS: TestHTTPResponseWriteDeadlineStartsWhenRPCCompletesHTTP1 (0.19s)
=== RUN   TestHTTPResponseWriteDeadlineStartsWhenRPCCompletesHTTP2
--- PASS: TestHTTPResponseWriteDeadlineStartsWhenRPCCompletesHTTP2 (0.12s)
=== RUN   TestHTTPResponseUsesConfiguredWriteTimeout
=== RUN   TestHTTPResponseUsesConfiguredWriteTimeout/shorter_than_codec_fallback
=== RUN   TestHTTPResponseUsesConfiguredWriteTimeout/longer_than_codec_fallback
=== RUN   TestHTTPResponseUsesConfiguredWriteTimeout/unbounded_server_uses_codec_fallback
--- PASS: TestHTTPResponseUsesConfiguredWriteTimeout (0.00s)
    --- PASS: TestHTTPResponseUsesConfiguredWriteTimeout/shorter_than_codec_fallback (0.00s)
    --- PASS: TestHTTPResponseUsesConfiguredWriteTimeout/longer_than_codec_fallback (0.00s)
    --- PASS: TestHTTPResponseUsesConfiguredWriteTimeout/unbounded_server_uses_codec_fallback (0.00s)
=== RUN   TestHTTPResponsePrefersEarlierRequestDeadline
--- PASS: TestHTTPResponsePrefersEarlierRequestDeadline (0.00s)
=== RUN   TestTransportIdentity
=== RUN   TestTransportIdentity/inproc
=== RUN   TestTransportIdentity/http_forged_headers
=== RUN   TestTransportIdentity/websocket
=== RUN   TestTransportIdentity/tcp_listener_is_not_ipc
=== RUN   TestTransportIdentity/ipc
--- PASS: TestTransportIdentity (0.02s)
    --- PASS: TestTransportIdentity/inproc (0.00s)
    --- PASS: TestTransportIdentity/http_forged_headers (0.00s)
    --- PASS: TestTransportIdentity/websocket (0.00s)
    --- PASS: TestTransportIdentity/tcp_listener_is_not_ipc (0.01s)
    --- PASS: TestTransportIdentity/ipc (0.00s)
PASS
