test_missing_receipt_and_fork_are_rejected (test_live_clx_accounting.IntervalAccounting.test_missing_receipt_and_fork_are_rejected) ... ok
test_static_issuance_is_distinct_from_rpc_reward_and_gas (test_live_clx_accounting.IntervalAccounting.test_static_issuance_is_distinct_from_rpc_reward_and_gas) ... ok
test_unrelated_workload_is_not_silently_ignored (test_live_clx_accounting.IntervalAccounting.test_unrelated_workload_is_not_silently_ignored) ... ok
test_prepare_is_fresh_only_and_does_not_initialize_data (test_live_common.AdditionalCommon.test_prepare_is_fresh_only_and_does_not_initialize_data) ... ok
test_private_distinct_listeners_and_no_optional_work_by_default (test_live_common.AdditionalCommon.test_private_distinct_listeners_and_no_optional_work_by_default) ... ok
test_unlisted_indices_and_unowned_zero_identity_rejected (test_live_common.AdditionalCommon.test_unlisted_indices_and_unowned_zero_identity_rejected) ... ok
test_interleaved_inbox_reconciles_exact_action_and_atomically_advances_phase (test_live_finance.DurableIntentTest.test_interleaved_inbox_reconciles_exact_action_and_atomically_advances_phase) ... ok
test_known_mempool_transaction_is_not_resent_or_finalized (test_live_finance.DurableIntentTest.test_known_mempool_transaction_is_not_resent_or_finalized) ... ok
test_amount_byte_width (test_live_finance.FinanceTest.test_amount_byte_width) ... ok
test_funding_total_identity_and_checkpoint_budget (test_live_finance.FinanceTest.test_funding_total_identity_and_checkpoint_budget) ... ok
test_independent_225_to_214_native_ledger_and_duplicate_claim (test_live_finance.FinanceTest.test_independent_225_to_214_native_ledger_and_duplicate_claim) ... ok
test_journal_atomic_and_exclusive_next_file (test_live_finance.FinanceTest.test_journal_atomic_and_exclusive_next_file) ... ok
test_no_remote_network_fallback (test_live_finance.FinanceTest.test_no_remote_network_fallback) ... ok
test_dedicated_owner_marker_reuse_and_foreign_directory (test_live_finance.OutputOwnershipTest.test_dedicated_owner_marker_reuse_and_foreign_directory) ... ok
test_app_addition_or_missing_node_requires_new_inventory (test_live_generation_plan.GenerationPlanTests.test_app_addition_or_missing_node_requires_new_inventory) ... ok
test_archive_never_merges_existing_destination (test_live_generation_plan.GenerationPlanTests.test_archive_never_merges_existing_destination) ... ok
test_candidate_genesis_identity_checked_but_never_authorizes_execution (test_live_generation_plan.GenerationPlanTests.test_candidate_genesis_identity_checked_but_never_authorizes_execution) ... ok
test_datadir_symlink_refused (test_live_generation_plan.GenerationPlanTests.test_datadir_symlink_refused) ... ok
test_explicit_same_chain_mode_preserves_id_and_reports_replay_limit (test_live_generation_plan.GenerationPlanTests.test_explicit_same_chain_mode_preserves_id_and_reports_replay_limit) ... ok
test_new_chain_id_and_domain_required (test_live_generation_plan.GenerationPlanTests.test_new_chain_id_and_domain_required) ... ok
test_node_identity_mismatch_and_duplicate_process_refused (test_live_generation_plan.GenerationPlanTests.test_node_identity_mismatch_and_duplicate_process_refused) ... ok
test_online_pm2_executable_and_pid_are_bound (test_live_generation_plan.GenerationPlanTests.test_online_pm2_executable_and_pid_are_bound) ... ok
test_plan_is_blocked_exact_targets_and_does_not_read_keys_or_mutate_data (test_live_generation_plan.GenerationPlanTests.test_plan_is_blocked_exact_targets_and_does_not_read_keys_or_mutate_data) ... ok
test_secret_symlink_or_hardlink_refused_without_reading (test_live_generation_plan.GenerationPlanTests.test_secret_symlink_or_hardlink_refused_without_reading) ... ok
test_split_genesis_or_chain_id_refused (test_live_generation_plan.GenerationPlanTests.test_split_genesis_or_chain_id_refused) ... ok
test_stale_and_future_observations_refused (test_live_generation_plan.GenerationPlanTests.test_stale_and_future_observations_refused) ... ok
test_stopped_added_commons_require_explicit_mode_and_preserve_unknown_genesis (test_live_generation_plan.GenerationPlanTests.test_stopped_added_commons_require_explicit_mode_and_preserve_unknown_genesis) ... ok
test_stopped_mode_rejects_foreign_processes_errored_state_and_core_nodes (test_live_generation_plan.GenerationPlanTests.test_stopped_mode_rejects_foreign_processes_errored_state_and_core_nodes) ... ok
test_wrong_host_workspace_or_user_refused (test_live_generation_plan.GenerationPlanTests.test_wrong_host_workspace_or_user_refused) ... ok
test_invalid_root_cannot_select_pid_one_or_a_process_tree (test_live_observe.LiveObserveTests.test_invalid_root_cannot_select_pid_one_or_a_process_tree) ... ok
test_missing_parent_does_not_adopt_orphan_child (test_live_observe.LiveObserveTests.test_missing_parent_does_not_adopt_orphan_child) ... ok
test_stopped_pid_zero_has_no_processes (test_live_observe.LiveObserveTests.test_stopped_pid_zero_has_no_processes) ... ok
test_bound_chain_is_not_a_fixed_candidate_number (test_live_relay.RelayLauncherTest.test_bound_chain_is_not_a_fixed_candidate_number) ... ok
test_changed_config_symlink_and_duplicate_payer_rejected (test_live_relay.RelayLauncherTest.test_changed_config_symlink_and_duplicate_payer_rejected) ... ok
test_no_third_index_or_runtime_parent_creation (test_live_relay.RelayLauncherTest.test_no_third_index_or_runtime_parent_creation) ... ok
test_old_genesis_missing_activation_and_foreign_domain_reject_before_rpc (test_live_relay.RelayLauncherTest.test_old_genesis_missing_activation_and_foreign_domain_reject_before_rpc) ... ok
test_prepare_only_two_relays_and_exec_command (test_live_relay.RelayLauncherTest.test_prepare_only_two_relays_and_exec_command) ... ok
test_reviewed_domain_fields_must_match_candidate_genesis (test_live_relay.RelayLauncherTest.test_reviewed_domain_fields_must_match_candidate_genesis) ... ok
test_source_running_old_database_rejected (test_live_relay.RelayLauncherTest.test_source_running_old_database_rejected) ... ok
test_auth_requires_explicit_reviewed_selection (test_live_roles.LocalRoleBinding.test_auth_requires_explicit_reviewed_selection) ... ok
test_auth_same_chain_old_database_rejects_before_signed_or_stateful_calls (test_live_roles.LocalRoleBinding.test_auth_same_chain_old_database_rejects_before_signed_or_stateful_calls) ... ok
test_default_off_and_committee_never_participates (test_live_roles.LocalRoleBinding.test_default_off_and_committee_never_participates) ... ok
test_independent_disable_and_wrong_generation_rejected (test_live_roles.LocalRoleBinding.test_independent_disable_and_wrong_generation_rejected) ... ok
test_inventory_required_hashed_bounded_and_not_symlinked (test_live_roles.LocalRoleBinding.test_inventory_required_hashed_bounded_and_not_symlinked) ... ok
test_manifest_tamper_duplicate_and_symlink_rejected (test_live_roles.LocalRoleBinding.test_manifest_tamper_duplicate_and_symlink_rejected) ... ok
test_reviewed_manifest_still_requires_active_full_domain (test_live_roles.LocalRoleBinding.test_reviewed_manifest_still_requires_active_full_domain) ... ok
test_same_chain_or_different_chain_requires_complete_matching_identity (test_live_roles.LocalRoleBinding.test_same_chain_or_different_chain_requires_complete_matching_identity) ... ok
test_approval_expiry_and_other_apps_untouched (test_live_switch_generation.SwitchTests.test_approval_expiry_and_other_apps_untouched) ... ok
test_explicit_preserved_chain_keeps_authentication_and_requires_consent (test_live_switch_generation.SwitchTests.test_explicit_preserved_chain_keeps_authentication_and_requires_consent) ... ok
test_explicit_stopped_six_preflight_then_preserves_stop_and_archives_fourteen (test_live_switch_generation.SwitchTests.test_explicit_stopped_six_preflight_then_preserves_stop_and_archives_fourteen) ... ok
test_four_phases_keep_keys_and_never_copy_wal (test_live_switch_generation.SwitchTests.test_four_phases_keep_keys_and_never_copy_wal) ... ok
test_partial_archive_resume_by_original_inode (test_live_switch_generation.SwitchTests.test_partial_archive_resume_by_original_inode) ... ok
test_partial_init_retries_without_old_wal_or_rollback (test_live_switch_generation.SwitchTests.test_partial_init_retries_without_old_wal_or_rollback) ... ok
test_preflight_readonly_and_missing_consent (test_live_switch_generation.SwitchTests.test_preflight_readonly_and_missing_consent) ... ok
test_private_key_symlink_and_changed_launcher_refused (test_live_switch_generation.SwitchTests.test_private_key_symlink_and_changed_launcher_refused) ... ok
test_stale_foreign_hash_and_writer_refusal (test_live_switch_generation.SwitchTests.test_stale_foreign_hash_and_writer_refusal) ... ok
test_stopped_common_mode_rejects_writer_pid_status_inode_and_unapproved_scope (test_live_switch_generation.SwitchTests.test_stopped_common_mode_rejects_writer_pid_status_inode_and_unapproved_scope) ... ok
test_stopped_mode_keeps_active_ticks_executable_and_datadir_guards (test_live_switch_generation.SwitchTests.test_stopped_mode_keeps_active_ticks_executable_and_datadir_guards) ... ok
test_symlink_secret_and_datadir_refused (test_live_switch_generation.SwitchTests.test_symlink_secret_and_datadir_refused) ... ok
test_explicit_existing_roles_have_unique_paths_and_ports (test_live_tools.LiveToolsTests.test_explicit_existing_roles_have_unique_paths_and_ports) ... ok
test_secret_arguments_not_observed (test_live_tools.LiveToolsTests.test_secret_arguments_not_observed) ... ok
test_unknown_committee_layout_rejected (test_live_tools.LiveToolsTests.test_unknown_committee_layout_rejected) ... ok
test_all_target_preflight_precedes_first_stop_or_archive (test_live_user_init.UserInitTest.test_all_target_preflight_precedes_first_stop_or_archive) ... ok
test_archive_preserves_keys_wal_claims_and_only_clx_is_initialized (test_live_user_init.UserInitTest.test_archive_preserves_keys_wal_claims_and_only_clx_is_initialized) ... ok
test_check_is_read_only_and_lists_exact_distinct_kinds (test_live_user_init.UserInitTest.test_check_is_read_only_and_lists_exact_distinct_kinds) ... ok
test_config_change_during_stop_refuses_further_mutation (test_live_user_init.UserInitTest.test_config_change_during_stop_refuses_further_mutation) ... ok
test_existing_candidate_vote_or_relay_history_rejected_before_stop (test_live_user_init.UserInitTest.test_existing_candidate_vote_or_relay_history_rejected_before_stop) ... ok
test_failed_init_retains_whole_archives_and_refuses_automatic_retry (test_live_user_init.UserInitTest.test_failed_init_retains_whole_archives_and_refuses_automatic_retry) ... ok
test_remaining_child_or_writer_stops_before_archive (test_live_user_init.UserInitTest.test_remaining_child_or_writer_stops_before_archive) ... ok
test_runtime_history_created_during_stop_is_retained_before_first_archive (test_live_user_init.UserInitTest.test_runtime_history_created_during_stop_is_retained_before_first_archive) ... ok

----------------------------------------------------------------------
Ran 70 tests in 3.195s

OK
