t=2026-09-22T09:29:07+0200 lvl=warn msg=GetBlockByNumer number=0
t=2026-09-22T09:29:07+0200 lvl=warn msg=GetBlockByNumer number=1
t=2026-09-22T09:29:07+0200 lvl=warn msg=GetBlockByNumer number=2
t=2026-09-22T09:29:07+0200 lvl=warn msg=GetBlockByNumer number=3
t=2026-09-22T09:29:07+0200 lvl=warn msg=GetBlockByNumer number=4
t=2026-09-22T09:29:07+0200 lvl=warn msg=GetBlockByNumer number=5
t=2026-09-22T09:29:07+0200 lvl=warn msg=GetBlockByNumer number=6
t=2026-09-22T09:29:07+0200 lvl=warn msg=GetBlockByNumer number=7
t=2026-09-22T09:29:07+0200 lvl=warn msg=GetBlockByNumer number=8
t=2026-09-22T09:29:07+0200 lvl=warn msg=GetBlockByNumer number=9
t=2026-09-22T09:29:07+0200 lvl=warn msg=GetBlockByNumer number=10
t=2026-09-22T09:29:07+0200 lvl=warn msg=GetBlockByNumer number=11
t=2026-09-22T09:29:07+0200 lvl=warn msg=GetBlockByNumer number=12
t=2026-09-22T09:29:07+0200 lvl=warn msg=GetBlockByNumer number=13
t=2026-09-22T09:29:07+0200 lvl=warn msg=GetBlockByNumer number=14
t=2026-09-22T09:29:07+0200 lvl=warn msg=GetBlockByNumer number=15
t=2026-09-22T09:29:07+0200 lvl=warn msg=GetBlockByNumer number=16
t=2026-09-22T09:29:07+0200 lvl=warn msg=GetBlockByNumer number=17
t=2026-09-22T09:29:07+0200 lvl=warn msg=GetBlockByNumer number=18
t=2026-09-22T09:29:07+0200 lvl=warn msg=GetBlockByNumer number=19
t=2026-09-22T09:29:07+0200 lvl=warn msg=GetBlockByNumer number=20
t=2026-09-22T09:29:07+0200 lvl=warn msg=GetBlockByNumer number=21
t=2026-09-22T09:29:07+0200 lvl=warn msg=GetBlockByNumer number=22
t=2026-09-22T09:29:07+0200 lvl=warn msg=GetBlockByNumer number=23
t=2026-09-22T09:29:07+0200 lvl=warn msg=GetBlockByNumer number=24
t=2026-09-22T09:29:07+0200 lvl=warn msg=GetBlockByNumer number=25
t=2026-09-22T09:29:07+0200 lvl=warn msg=GetBlockByNumer number=26
t=2026-09-22T09:29:07+0200 lvl=warn msg=GetBlockByNumer number=27
t=2026-09-22T09:29:07+0200 lvl=warn msg=GetBlockByNumer number=28
t=2026-09-22T09:29:07+0200 lvl=warn msg=GetBlockByNumer number=29
t=2026-09-22T09:29:07+0200 lvl=warn msg=GetBlockByNumer number=30
t=2026-09-22T09:29:07+0200 lvl=warn msg=GetBlockByNumer number=31
t=2026-09-22T09:29:07+0200 lvl=warn msg=GetBlockByNumer number=32
t=2026-09-22T09:29:07+0200 lvl=warn msg=GetBlockByNumer number=33
t=2026-09-22T09:29:07+0200 lvl=warn msg=GetBlockByNumer number=34
t=2026-09-22T09:29:07+0200 lvl=warn msg=GetBlockByNumer number=35
t=2026-09-22T09:29:07+0200 lvl=warn msg=GetBlockByNumer number=36
t=2026-09-22T09:29:07+0200 lvl=warn msg=GetBlockByNumer number=37
t=2026-09-22T09:29:07+0200 lvl=warn msg=GetBlockByNumer number=38
t=2026-09-22T09:29:07+0200 lvl=warn msg=GetBlockByNumer number=39
t=2026-09-22T09:29:07+0200 lvl=warn msg=GetBlockByNumer number=40
t=2026-09-22T09:29:07+0200 lvl=warn msg=GetBlockByNumer number=41
t=2026-09-22T09:29:07+0200 lvl=warn msg=GetBlockByNumer number=42
t=2026-09-22T09:29:07+0200 lvl=warn msg=GetBlockByNumer number=43
t=2026-09-22T09:29:07+0200 lvl=warn msg=GetBlockByNumer number=44
t=2026-09-22T09:29:07+0200 lvl=warn msg=GetBlockByNumer number=45
t=2026-09-22T09:29:07+0200 lvl=warn msg=GetBlockByNumer number=46
t=2026-09-22T09:29:07+0200 lvl=warn msg=GetBlockByNumer number=47
t=2026-09-22T09:29:07+0200 lvl=warn msg=GetBlockByNumer number=1
t=2026-09-22T09:29:07+0200 lvl=warn msg=GetBlockByNumer number=2
t=2026-09-22T09:29:07+0200 lvl=warn msg=GetBlockByNumer number=3
t=2026-09-22T09:29:07+0200 lvl=warn msg=GetBlockByNumer number=4
t=2026-09-22T09:29:07+0200 lvl=warn msg=GetBlockByNumer number=5
t=2026-09-22T09:29:07+0200 lvl=warn msg=GetBlockByNumer number=6
t=2026-09-22T09:29:07+0200 lvl=warn msg=GetBlockByNumer number=7
t=2026-09-22T09:29:07+0200 lvl=warn msg=GetBlockByNumer number=8
t=2026-09-22T09:29:07+0200 lvl=warn msg=GetBlockByNumer number=9
t=2026-09-22T09:29:07+0200 lvl=warn msg=GetBlockByNumer number=10
t=2026-09-22T09:29:07+0200 lvl=warn msg=GetBlockByNumer number=11
t=2026-09-22T09:29:07+0200 lvl=warn msg=GetBlockByNumer number=12
t=2026-09-22T09:29:07+0200 lvl=warn msg=GetBlockByNumer number=13
t=2026-09-22T09:29:07+0200 lvl=warn msg=GetBlockByNumer number=14
t=2026-09-22T09:29:07+0200 lvl=warn msg=GetBlockByNumer number=15
t=2026-09-22T09:29:07+0200 lvl=warn msg=GetBlockByNumer number=16
t=2026-09-22T09:29:07+0200 lvl=warn msg=GetBlockByNumer number=17
t=2026-09-22T09:29:07+0200 lvl=warn msg=GetBlockByNumer number=18
t=2026-09-22T09:29:07+0200 lvl=warn msg=GetBlockByNumer number=19
t=2026-09-22T09:29:07+0200 lvl=warn msg=GetBlockByNumer number=20
t=2026-09-22T09:29:07+0200 lvl=warn msg=GetBlockByNumer number=21
t=2026-09-22T09:29:07+0200 lvl=warn msg=GetBlockByNumer number=22
t=2026-09-22T09:29:07+0200 lvl=warn msg=GetBlockByNumer number=23
t=2026-09-22T09:29:07+0200 lvl=warn msg=GetBlockByNumer number=24
t=2026-09-22T09:29:07+0200 lvl=warn msg=GetBlockByNumer number=25
t=2026-09-22T09:29:07+0200 lvl=warn msg=GetBlockByNumer number=26
t=2026-09-22T09:29:07+0200 lvl=warn msg=GetBlockByNumer number=27
t=2026-09-22T09:29:07+0200 lvl=warn msg=GetBlockByNumer number=28
t=2026-09-22T09:29:07+0200 lvl=warn msg=GetBlockByNumer number=29
t=2026-09-22T09:29:07+0200 lvl=warn msg=GetBlockByNumer number=30
t=2026-09-22T09:29:07+0200 lvl=warn msg=GetBlockByNumer number=31
t=2026-09-22T09:29:07+0200 lvl=warn msg=GetBlockByNumer number=32
t=2026-09-22T09:29:07+0200 lvl=warn msg=GetBlockByNumer number=33
t=2026-09-22T09:29:07+0200 lvl=warn msg=GetBlockByNumer number=34
t=2026-09-22T09:29:07+0200 lvl=warn msg=GetBlockByNumer number=35
t=2026-09-22T09:29:07+0200 lvl=warn msg=GetBlockByNumer number=36
t=2026-09-22T09:29:07+0200 lvl=warn msg=GetBlockByNumer number=37
t=2026-09-22T09:29:07+0200 lvl=warn msg=GetBlockByNumer number=38
t=2026-09-22T09:29:07+0200 lvl=warn msg=GetBlockByNumer number=39
t=2026-09-22T09:29:07+0200 lvl=warn msg=GetBlockByNumer number=40
t=2026-09-22T09:29:07+0200 lvl=warn msg=GetBlockByNumer number=41
t=2026-09-22T09:29:07+0200 lvl=warn msg=GetBlockByNumer number=42
t=2026-09-22T09:29:07+0200 lvl=warn msg=GetBlockByNumer number=43
t=2026-09-22T09:29:07+0200 lvl=warn msg=GetBlockByNumer number=44
t=2026-09-22T09:29:07+0200 lvl=warn msg=GetBlockByNumer number=45
t=2026-09-22T09:29:07+0200 lvl=warn msg=GetBlockByNumer number=46
t=2026-09-22T09:29:07+0200 lvl=warn msg=GetBlockByNumer number=47
t=2026-09-22T09:29:07+0200 lvl=warn msg="Failed to load snapshot, regenerating" err="missing or corrupted snapshot journal"
t=2026-09-22T09:29:07+0200 lvl=warn msg=GetBlockByNumer                         number=1
t=2026-09-22T09:29:11+0200 lvl=warn msg=GetBlockByNumer                         number=1
t=2026-09-22T09:29:11+0200 lvl=warn msg=GetBlockByNumer                         number=47
t=2026-09-22T09:29:11+0200 lvl=warn msg=GetBlockByNumer                         number=1
t=2026-09-22T09:29:11+0200 lvl=warn msg=GetBlockByNumer                         number=1
t=2026-09-22T09:29:11+0200 lvl=warn msg=GetBlockByNumer                         number=1
t=2026-09-22T09:29:11+0200 lvl=warn msg=GetBlockByNumer                         number=47
t=2026-09-22T09:29:12+0200 lvl=warn msg=GetBlockByNumer                         number=1
t=2026-09-22T09:29:12+0200 lvl=warn msg=GetBlockByNumer                         number=47
t=2026-09-22T09:29:16+0200 lvl=warn msg="HOTSTUFF RECOVERY resend NewView"      number=49 viewID=0x8370a5f67b95755ad08437855048b4074ebcd6dc9b9030b10fdf6ee62d92c80a to=127.0.0.1:45502
t=2026-09-22T09:29:21+0200 lvl=warn msg="HOTSTUFF RECOVERY resend NewView"      number=49 viewID=0x8370a5f67b95755ad08437855048b4074ebcd6dc9b9030b10fdf6ee62d92c80a to=127.0.0.1:45502
t=2026-09-22T09:29:23+0200 lvl=warn msg="TxQUIC replay or durable lookup rejected packet" remote=127.0.0.1:49280 batch=0xbe290f0adf329baddd1cd5b3b0a0523dc5b348773bb52278b9d338438b16356c err="txquic nonce is below the replay window"
t=2026-09-22T09:29:23+0200 lvl=warn msg="TxQUIC replay or durable lookup rejected packet" remote=127.0.0.1:49280 batch=0xbe290f0adf329baddd1cd5b3b0a0523dc5b348773bb52278b9d338438b16356c err="txquic nonce is below the replay window"
t=2026-09-22T09:29:26+0200 lvl=warn msg="HOTSTUFF RECOVERY resend NewView"      number=49 viewID=0x8370a5f67b95755ad08437855048b4074ebcd6dc9b9030b10fdf6ee62d92c80a to=127.0.0.1:45502
t=2026-09-22T09:29:31+0200 lvl=warn msg="HOTSTUFF RECOVERY resend NewView"      number=49 viewID=0x8370a5f67b95755ad08437855048b4074ebcd6dc9b9030b10fdf6ee62d92c80a to=127.0.0.1:45502
t=2026-09-22T09:29:36+0200 lvl=warn msg="HOTSTUFF RECOVERY resend NewView"      number=49 viewID=0x8370a5f67b95755ad08437855048b4074ebcd6dc9b9030b10fdf6ee62d92c80a to=127.0.0.1:45502
t=2026-09-22T09:29:41+0200 lvl=warn msg="HOTSTUFF RECOVERY resend NewView"      number=49 viewID=0x8370a5f67b95755ad08437855048b4074ebcd6dc9b9030b10fdf6ee62d92c80a to=127.0.0.1:45502
t=2026-09-22T09:29:46+0200 lvl=warn msg="HOTSTUFF RECOVERY resend NewView"      number=49 viewID=0x8370a5f67b95755ad08437855048b4074ebcd6dc9b9030b10fdf6ee62d92c80a to=127.0.0.1:45502
t=2026-09-22T09:29:51+0200 lvl=warn msg="HOTSTUFF RECOVERY resend NewView"      number=49 viewID=0x8370a5f67b95755ad08437855048b4074ebcd6dc9b9030b10fdf6ee62d92c80a to=127.0.0.1:45502
t=2026-09-22T09:29:56+0200 lvl=warn msg="HOTSTUFF RECOVERY resend NewView"      number=49 viewID=0x8370a5f67b95755ad08437855048b4074ebcd6dc9b9030b10fdf6ee62d92c80a to=127.0.0.1:45502
t=2026-09-22T09:30:01+0200 lvl=warn msg="HOTSTUFF RECOVERY resend NewView"      number=49 viewID=0x8370a5f67b95755ad08437855048b4074ebcd6dc9b9030b10fdf6ee62d92c80a to=127.0.0.1:45502
t=2026-09-22T09:30:06+0200 lvl=warn msg="HOTSTUFF RECOVERY resend NewView"      number=49 viewID=0x8370a5f67b95755ad08437855048b4074ebcd6dc9b9030b10fdf6ee62d92c80a to=127.0.0.1:45502
t=2026-09-22T09:30:11+0200 lvl=warn msg="HOTSTUFF RECOVERY resend NewView"      number=49 viewID=0x8370a5f67b95755ad08437855048b4074ebcd6dc9b9030b10fdf6ee62d92c80a to=127.0.0.1:45502
t=2026-09-22T09:30:16+0200 lvl=warn msg="HOTSTUFF RECOVERY resend NewView"      number=49 viewID=0x8370a5f67b95755ad08437855048b4074ebcd6dc9b9030b10fdf6ee62d92c80a to=127.0.0.1:45502
t=2026-09-22T09:30:21+0200 lvl=warn msg="HOTSTUFF RECOVERY resend NewView"      number=49 viewID=0x8370a5f67b95755ad08437855048b4074ebcd6dc9b9030b10fdf6ee62d92c80a to=127.0.0.1:45502
t=2026-09-22T09:30:26+0200 lvl=warn msg="HOTSTUFF RECOVERY resend NewView"      number=49 viewID=0x8370a5f67b95755ad08437855048b4074ebcd6dc9b9030b10fdf6ee62d92c80a to=127.0.0.1:45502
t=2026-09-22T09:30:31+0200 lvl=warn msg="HOTSTUFF RECOVERY resend NewView"      number=49 viewID=0x8370a5f67b95755ad08437855048b4074ebcd6dc9b9030b10fdf6ee62d92c80a to=127.0.0.1:45502
t=2026-09-22T09:30:36+0200 lvl=warn msg="HOTSTUFF RECOVERY resend NewView"      number=49 viewID=0x8370a5f67b95755ad08437855048b4074ebcd6dc9b9030b10fdf6ee62d92c80a to=127.0.0.1:45502
t=2026-09-22T09:30:41+0200 lvl=warn msg="HOTSTUFF RECOVERY resend NewView"      number=49 viewID=0x8370a5f67b95755ad08437855048b4074ebcd6dc9b9030b10fdf6ee62d92c80a to=127.0.0.1:45502
t=2026-09-22T09:30:46+0200 lvl=warn msg="HOTSTUFF RECOVERY resend NewView"      number=49 viewID=0x8370a5f67b95755ad08437855048b4074ebcd6dc9b9030b10fdf6ee62d92c80a to=127.0.0.1:45502
t=2026-09-22T09:30:51+0200 lvl=warn msg="HOTSTUFF RECOVERY resend NewView"      number=49 viewID=0x8370a5f67b95755ad08437855048b4074ebcd6dc9b9030b10fdf6ee62d92c80a to=127.0.0.1:45502
