    dex_financial_network_test.go:296: NATIVE_BALANCE height=7 account=0x000000000000000000000000000000000000B123 initial=123 final=347648000000123 delta=347648000000000
    dex_financial_network_test.go:296: NATIVE_BALANCE height=7 account=0x0000000000000000000000000000000000De0001 initial=0 final=225000000000000000000 delta=225000000000000000000
    dex_financial_network_test.go:296: NATIVE_BALANCE height=7 account=0x028D1e27ABDdE0f167bDA2cb596aF59d64ffb89e initial=1000000000000000000000 final=899999565440000000000 delta=-100000434560000000000
    dex_financial_network_test.go:296: NATIVE_BALANCE height=7 account=0x322B5D133F3B64cEEb284120E7C092891aB4C09F initial=1000000000000000000000 final=899999565440000000000 delta=-100000434560000000000
    dex_financial_network_test.go:296: NATIVE_BALANCE height=7 account=0x8EA9E4BbC770F0f5df39e740270EbB6DF86AAF32 initial=1000000000000000000000000000 final=1000000000000000000000000000 delta=0
    dex_financial_network_test.go:296: NATIVE_BALANCE height=7 account=0xEae599d96248b0655E0d00Ac448D76748858B5BA initial=1000000000000000000000 final=974999130880000000000 delta=-25000869120000000000
    dex_financial_network_test.go:296: NATIVE_BALANCE height=7 account=0xFE0084BFD3d0A212556d7E6401751bAEf071BF60 initial=77 final=77 delta=0
    dex_financial_network_test.go:296: NATIVE_LEDGER_RECONCILED height=7 custody=225000000000000000000 gas=1738240000000000 commonReward=347648000000000 burn=1390592000000000 accounts=7 engine=0/0/0
    dex_financial_network_test.go:511: DEX_FINALIZED_AND_CLX_SETTLED sequence=1 checkpoint=f36db48841a752df9b7b65da58dd414a626dc770918c31a3bf014c28235af4a8 root=eabafbf7ca1802355ab6d7dc394a2928363a202956360ee4c3c6a1590a984af8 clxAnchor=363dde6ee7b6447c95f16cb88a2d48268551ff5c77f0f4f1531e01e3f14b8b00 finance=f079c1d3c715b18c3c4cd1029e1a0c029f1ec414642b946ffec78bcb13164652 finalityEvidenceKeccak=0x28f181875e44fc9b5e28fcc94afc6339de01fff368092526392195de453eb161 finalityBytes=1051 calldataBytes=19016 clxTX=0x562114f906afd39a5bd6596abfbea2636c5f8e28cd59bdb6ef946af6e1ea3161
    dex_financial_network_test.go:511: DEX_FINALIZED_AND_CLX_SETTLED sequence=2 checkpoint=13a2d5c7750ce6c75bfce7329a69e9c114a8b9a95ee750a23c36bb8a98003708 root=dc2fc7dab414a04fa283c4ea08c486a3951a5e2d8d12c6ec9226ffb245a9c85c clxAnchor=363dde6ee7b6447c95f16cb88a2d48268551ff5c77f0f4f1531e01e3f14b8b00 finance=f0c4070fff54af1a3d573f4a2e93659e272dd814d43fadda5ae680ad706e661c finalityEvidenceKeccak=0x338c12c4b2a2fd01035b2f7eece958501f7de951fa8c9d4e288482610bcce5cb finalityBytes=1051 calldataBytes=2052 clxTX=0x0a032dc7d33a85aab8f906c91ddabed19e068ba609f61ac5787cad30810d4d23
    dex_financial_network_test.go:511: DEX_FINALIZED_AND_CLX_SETTLED sequence=3 checkpoint=0761ead81fb078bad281ddc14274a110dc0759128b249457743dd33516d765c4 root=e841602a16a88437ece68236e45907018d320af286388818f5da5b28e954c94d clxAnchor=363dde6ee7b6447c95f16cb88a2d48268551ff5c77f0f4f1531e01e3f14b8b00 finance=88180555b5e1bc5b8eb213b2d1f0be2c6706fb5cfba712bc4e6dc3bef5b4360c finalityEvidenceKeccak=0x577d67d8ab471c52827a725cb0fe42110ca91a80d2b761771a7f11c880c85fb1 finalityBytes=1051 calldataBytes=2052 clxTX=0x61cb511fad1605bca35541969b149abd3fa3643740eae92fd60f6444d6df950e
    dex_financial_network_test.go:511: DEX_FINALIZED_AND_CLX_SETTLED sequence=4 checkpoint=1e90b9a2cc84876a1a567a139abd1139d182c08aecc4db74046787e1157ca311 root=a85156f182736eb2a3b6b683eb463eae6eeea849ec9814f15a64ba473086393f clxAnchor=363dde6ee7b6447c95f16cb88a2d48268551ff5c77f0f4f1531e01e3f14b8b00 finance=b370d70b7ca089355e9de6301cce5dd10a9e627b9b8a822655b1547e644516a3 finalityEvidenceKeccak=0x5a466167550547719bccd662b81019274a8a090d5f7dfd057476c817a844b7e8 finalityBytes=1051 calldataBytes=2052 clxTX=0x279a10f20738025f9eee966a22c8b44ff75b67c903d32de851a90c6f01fd1f54
    dex_financial_network_test.go:511: DEX_FINALIZED_AND_CLX_SETTLED sequence=5 checkpoint=c9f228fd8e2deaee3fc82d3b124494d882caf8f18d49bcbca95afab3af5684ec root=6c3740305c2f7670e1b959793f118832c38a82ef46169b88c18cb914bc42e28d clxAnchor=363dde6ee7b6447c95f16cb88a2d48268551ff5c77f0f4f1531e01e3f14b8b00 finance=2334e21ef7733e5c4cda1cafbd4503a5b3ba5d5e85c9c457d307af52de363794 finalityEvidenceKeccak=0x6a9ac8951c3d32f68a7813fb393e8068063aeca9c8860981a11d9c8b18d0a511 finalityBytes=1051 calldataBytes=2052 clxTX=0x7f4ada81da8050ed065e3303b3107de43907d7b6a4ccb3d6754cec0d30af06bd
    dex_financial_network_test.go:511: DEX_FINALIZED_AND_CLX_SETTLED sequence=6 checkpoint=5d71a557654fc62cc4821d51b4f2f295e4bc1c5ec56f16bfbcf248ba1e7f97c6 root=86f2502aacb37d53426db92a3dd73d6dc82528743b49c0db6167d1ac0178b617 clxAnchor=363dde6ee7b6447c95f16cb88a2d48268551ff5c77f0f4f1531e01e3f14b8b00 finance=20c0484203c9adf39c553ef51300a46e40e65d4b853e65e546693162402afb5d finalityEvidenceKeccak=0x99a104e0ff1ae5e838d0bf083eaa260eed92b880f0b4e0239efeaa9591e3d80f finalityBytes=1051 calldataBytes=2052 clxTX=0xacb948575a2a8eba716a94727fffc1a36f080ca229416da6023c84a29fba4ac6
    dex_financial_network_test.go:511: DEX_FINALIZED_AND_CLX_SETTLED sequence=7 checkpoint=0087593f56a0935e61f0e885188d61e802c2ff424536eead3f5e28b27236b5f4 root=19e6f7c324530f9570f577275875a88b550ab2162748b9a738d12179c4695176 clxAnchor=363dde6ee7b6447c95f16cb88a2d48268551ff5c77f0f4f1531e01e3f14b8b00 finance=f5184e19e5a25c9ce5c65b4d38c881a128c8a4ef5657dc0d92d5b7222d9dd846 finalityEvidenceKeccak=0x7439613f55093db513734e1b29cdc83fbb9ed38cecc0d679f9c7a357309dad65 finalityBytes=1051 calldataBytes=2052 clxTX=0xca0fc8439cad5d0d3e5030419eeae7c4f0dac0c7497af1f28a1645bc30937403
    dex_financial_network_test.go:511: DEX_FINALIZED_AND_CLX_SETTLED sequence=8 checkpoint=d76dfa9cb055e9224dd8c44ebdf90ffef505ea9eb628d37b816cab5514bf1040 root=7f43912d83c21bac81d739cc4e6d53d36faa922e5e0b5c08164658b71a449757 clxAnchor=363dde6ee7b6447c95f16cb88a2d48268551ff5c77f0f4f1531e01e3f14b8b00 finance=eee192979ccd5d8722b067feadce2da111d0413ac6f015e6a8128503f98ec0c9 finalityEvidenceKeccak=0xb62684d1e5103142c6400c2737c8c511fa607562474390e5c378f59df21c1395 finalityBytes=1051 calldataBytes=2052 clxTX=0x432121f0d6b193782958e679bb0e7f2e8aa2378cacdb08ee875731c99d5e6f7d
    dex_financial_network_test.go:511: DEX_FINALIZED_AND_CLX_SETTLED sequence=9 checkpoint=1780ff3df4928232b8d9573cd896fd2553ceaa67626560122895d96bc0420a4c root=2e215b44a1190435e17765fce26768fc128c2493d8886417d7a4940319fcf65b clxAnchor=363dde6ee7b6447c95f16cb88a2d48268551ff5c77f0f4f1531e01e3f14b8b00 finance=aae9645cfa77e0b209f22fd4ed741aa2d7d015a39c62eef1c509ef1eddc86b03 finalityEvidenceKeccak=0x8e0cd94504aa48d65a702694866c72046defdb85568808cde97e0f674e30c557 finalityBytes=1051 calldataBytes=2052 clxTX=0xc579e171b2cb844351a1a95c70def917a0a0b176f83a6bd3bb8f8e082ed2a86e
    dex_financial_network_test.go:511: DEX_FINALIZED_AND_CLX_SETTLED sequence=10 checkpoint=bd170032fb1213328262a208fe158f98172db16de88a7b6cf359502342595a6d root=fa6db2afd623f43f1744ab9366851543749c970f3d32bdbf2d27b95622c1411f clxAnchor=363dde6ee7b6447c95f16cb88a2d48268551ff5c77f0f4f1531e01e3f14b8b00 finance=b710644747ce7629dac2f5a9e26969924881f6fe5b60672046714c51a17bf6b5 finalityEvidenceKeccak=0x667d36a40120c1a6689ba768a8ff8218bdbf1972e37a7918e5ae847a5325c3be finalityBytes=1051 calldataBytes=2052 clxTX=0xfe2575bde2b926e740e38197d23cf79f056e6be422b3aa6b17aea48b1e1ac437
    dex_financial_network_test.go:511: DEX_FINALIZED_AND_CLX_SETTLED sequence=11 checkpoint=cee3ea09621553ade9f0cfa695671615508c816fa9fdf398b1c7f8dac09017db root=43d66a29ee8e3773d5a84004e96712250c21fccc0f085020598344fce0867873 clxAnchor=363dde6ee7b6447c95f16cb88a2d48268551ff5c77f0f4f1531e01e3f14b8b00 finance=ce3b5b4a957081b391869297fec2c74b13c07602e02daee521dcb156773d79b8 finalityEvidenceKeccak=0xb215bf20777772813985774f326f882c7aeea4bb32b7ac69db8e3d91ad03a76e finalityBytes=1051 calldataBytes=2052 clxTX=0xe30047ff54f3564a1c3acb558aebf71491c1cb7a8df12135008dce0c5eba5e5d
    dex_financial_network_test.go:511: DEX_FINALIZED_AND_CLX_SETTLED sequence=12 checkpoint=db72c5514901bd481383a4d610399460dd701e51e1cb7c42e42beb7f16642e46 root=4bd724ef4bdcecc57313eb758f26fc5959c92116a6d417476827becb5aba63ac clxAnchor=363dde6ee7b6447c95f16cb88a2d48268551ff5c77f0f4f1531e01e3f14b8b00 finance=4d1d2c555e0376a9e7dd42342a86d9a0b23aeab6ffe627b5627feed90b22bd6a finalityEvidenceKeccak=0xadd77739e06483dda11bf02ef9f293aebe7f0bdbc947a5a415d1cf3352ac4de4 finalityBytes=1051 calldataBytes=2052 clxTX=0x7ea53f60c9187519cf6e8a263b92bcda09c2b02bd52909b0667e82362c55b859
    dex_financial_network_test.go:511: DEX_FINALIZED_AND_CLX_SETTLED sequence=13 checkpoint=92f7ab4db0c2efb90935ef369d7419925af63da344285c96bc5e7dab378b97e0 root=c0d55eac73434c0fd7c48b9912dc8b65fd063c39b8df9f2b8af62043c8062ebe clxAnchor=363dde6ee7b6447c95f16cb88a2d48268551ff5c77f0f4f1531e01e3f14b8b00 finance=905276e9436e8a037adc573a56e0a152a83cd3e698b147c7992e80d97e19ffd3 finalityEvidenceKeccak=0xc62c5aa78568e390e3af8942d0185c6c4f60f849a7eab751e3c474f893bc93ea finalityBytes=1051 calldataBytes=2052 clxTX=0xbfdb3e042d2a05fb5699fcd2ff8b57c3d96577268a2af8ac59d8adfcdfa42615
    dex_financial_network_test.go:511: DEX_FINALIZED_AND_CLX_SETTLED sequence=14 checkpoint=7a4ddbf988b8f8857fa702ebe9ce127f469fc7f1f8073af0962a6a6481c4ab66 root=cdd5b8f5a5cf382201d801cff11c8d2cf015b51489b43f36d620b28d09abb87c clxAnchor=363dde6ee7b6447c95f16cb88a2d48268551ff5c77f0f4f1531e01e3f14b8b00 finance=da683e5c7851c207f153a9ef456eae87149bb6ee4ef8568d74d246e696271c63 finalityEvidenceKeccak=0xb2435c1f4626561df38a27a1a14c68293eb9fbd343380155844e9fa3c3e58f4c finalityBytes=1051 calldataBytes=2052 clxTX=0x5e0a1e917b57a72369469b7a2aea501161eea743ed25503ba47a26b31678494a
    dex_financial_network_test.go:511: DEX_FINALIZED_AND_CLX_SETTLED sequence=15 checkpoint=0763cd62c82aec2b8c4dd4c8c2960b1053ead7d5623a20c24af20156320e257a root=24209d7687b17c5e16bc9986efbd4d6e943f783baca69d21c60a755649ec2e56 clxAnchor=363dde6ee7b6447c95f16cb88a2d48268551ff5c77f0f4f1531e01e3f14b8b00 finance=681acc27774204025bb5a319ad10856ba5999b25731e8823cabbe417a25973fe finalityEvidenceKeccak=0x3ada44b0545a687a39e3fe87a0e8450e58368a720b2a725118caaf84927b30d6 finalityBytes=1051 calldataBytes=2052 clxTX=0xfc9167e85ef35159809c5930c2229ff1ca40f2e3e539c8f4fa21d098b0549538
    dex_financial_network_test.go:511: DEX_FINALIZED_AND_CLX_SETTLED sequence=16 checkpoint=ae5af05615b3e7cf23d7f34580823794f85f7a61d3a8c4ddd7019730fcbf0ed0 root=66f2b897bafbe35b9495bc72f77a2b5a03c271cb5b7e67763226f3bcc57dfb16 clxAnchor=363dde6ee7b6447c95f16cb88a2d48268551ff5c77f0f4f1531e01e3f14b8b00 finance=2e9ee54ad43b1646838fd90ae0fcc7761ef1adc2871f77ac3e89daf121c7ecff finalityEvidenceKeccak=0x6fda89291bb2e107431d0cbfcbacc0f1ae36082487aae218d9c665475f3d3a79 finalityBytes=1051 calldataBytes=2052 clxTX=0xf0276e99f2f788753964884a0b9f710a2187cd2768e2e1a2073b2f19a1c2b048
    dex_financial_network_test.go:511: DEX_FINALIZED_AND_CLX_SETTLED sequence=17 checkpoint=68d8e45a0a51a84239b85212fa41072294216b646b3a74c71bf36d99eadd8899 root=682d5944701f115c94556b2f10b1103ca50d79a736c23d10e34a08f14e211fa2 clxAnchor=363dde6ee7b6447c95f16cb88a2d48268551ff5c77f0f4f1531e01e3f14b8b00 finance=7ddca8b63f00dc4e60e8861d5e67e1cf89aedff883e5e42950640d06d6fdba22 finalityEvidenceKeccak=0x1a218a239da2ce348c501fdd8254ab9c565edd766bd3f8a75b2fc3a3bd1bb537 finalityBytes=1051 calldataBytes=2052 clxTX=0x7a6927227fedc197b044d0aa09cc854cf8432237c8d6d50313b78935f4fa8502
    dex_financial_network_test.go:511: DEX_FINALIZED_AND_CLX_SETTLED sequence=18 checkpoint=641d667b4199f6ee2ca9d98e817f391517b995d3dcb9d9d8017f1495ac785e5b root=c9f18c8ca1580c74569ddcbee9a7a649142b69d60b90dcca706d00cb45d0790b clxAnchor=363dde6ee7b6447c95f16cb88a2d48268551ff5c77f0f4f1531e01e3f14b8b00 finance=645dacfbced2c6a83b18382cb9705e8b7c5a0e58d04e4c99e9fe8f47acead64b finalityEvidenceKeccak=0xf4bbd12d024d7153c3881e8436f08eb3d52c07ae0f0eac6161bab26a146dc88e finalityBytes=1051 calldataBytes=2052 clxTX=0xaa59ea893ff49a99724e0c4c0eae7b6305287ec65d3206317a840b43683c60d2
    dex_financial_network_test.go:525: NATIVE_BALANCE height=47 account=0x000000000000000000000000000000000000B123 initial=123 final=78247087360000123 delta=78247087360000000
    dex_financial_network_test.go:525: NATIVE_BALANCE height=47 account=0x0000000000000000000000000000000000De0001 initial=0 final=225000000000000000000 delta=225000000000000000000
    dex_financial_network_test.go:525: NATIVE_BALANCE height=47 account=0x028D1e27ABDdE0f167bDA2cb596aF59d64ffb89e initial=1000000000000000000000 final=899980162016000000000 delta=-100019837984000000000
    dex_financial_network_test.go:525: NATIVE_BALANCE height=47 account=0x322B5D133F3B64cEEb284120E7C092891aB4C09F initial=1000000000000000000000 final=899980162016000000000 delta=-100019837984000000000
    dex_financial_network_test.go:525: NATIVE_BALANCE height=47 account=0x8EA9E4BbC770F0f5df39e740270EbB6DF86AAF32 initial=1000000000000000000000000000 final=999999999649309651200000000 delta=-350690348800000000
    dex_financial_network_test.go:525: NATIVE_BALANCE height=47 account=0xEae599d96248b0655E0d00Ac448D76748858B5BA initial=1000000000000000000000 final=974999130880000000000 delta=-25000869120000000000
    dex_financial_network_test.go:525: NATIVE_BALANCE height=47 account=0xFE0084BFD3d0A212556d7E6401751bAEf071BF60 initial=77 final=77 delta=0
    dex_financial_network_test.go:525: NATIVE_LEDGER_RECONCILED height=47 custody=225000000000000000000 gas=391235436800000000 commonReward=78247087360000000 burn=312988349440000000 accounts=7 engine=0/0/0
    dex_financial_network_test.go:525: CLX_CRASH_REOPEN height=47 oldPIDs=[1203855 1203860 1203866 1203872 1203878 1203884 1203892] newPIDs=[1204216 1204227 1204234 1204243 1204252 1204258 1204281] root=0x19f8e5d75b049f663f55eeb65968ccb893123aef9ad9078252a1f03d08d6b456
    dex_financial_network_test.go:553: CLAIM_PAID id=abaef057989cecacbf6e1705dcf9819bea49b9143a10c2054615f1a73ae2234e recipient=0xc871f66b927a0aD4f0BEAE8Fdc53693C095CBC45 amount=10000000000000000000 kind=1
    dex_financial_network_test.go:553: CLAIM_PAID id=19ee74fda2b7a561b104272029b3011d2c095c8bd6f08ebbf7ed6b18c674c5b1 recipient=0x5907E92F156fa08bf0334f6DCd5f9b64A21b03af amount=142857142857142857 kind=2
    dex_financial_network_test.go:553: CLAIM_PAID id=323455827a815fc7e52ef91a7da0a508de24dc4020857d2afd8f6b6600c2c2af recipient=0xDB13725E5eBc7F2E7b55c275BC734D223F0F2aAc amount=142857142857142858 kind=2
    dex_financial_network_test.go:553: CLAIM_PAID id=358d5b7b10e437a23cf737cac6afffde4e3d5b31b892032453e9097585f3b53c recipient=0xEe4D211Fd7427176b75D1944C18676eD1578F160 amount=142857142857142857 kind=2
    dex_financial_network_test.go:553: CLAIM_PAID id=653b46cd43359b85422ad2ae397013b6672881e5fb26869a4263f807e9041492 recipient=0x176664711FBa93F42F3441B119ff909a540fBa53 amount=142857142857142857 kind=2
    dex_financial_network_test.go:553: CLAIM_PAID id=6904c8384952a3b3eac950a024348d4ca901a779e54f54a0da02a4f9c7473e8f recipient=0xc9d274f92c948b3d6195130b3e964e56AD97356e amount=142857142857142857 kind=2
    dex_financial_network_test.go:553: CLAIM_PAID id=84c0688e83f17c6b527501c6e7f2c8b8113d850483bc2b85cbfaa4903f4d4996 recipient=0x0095aBD5E6Ec538Dc566673a2AB5c31579a107ab amount=142857142857142857 kind=2
    dex_financial_network_test.go:553: CLAIM_PAID id=b539e56801c47bbb8f5c7c563df432b720fedd8b81a939f65ae1f374aecd811f recipient=0x3B420dC9a42CF63C8aB6EBA56Eb808E5a75976aF amount=142857142857142857 kind=2
    dex_financial_network_test.go:563: NATIVE_BALANCE height=63 account=0x000000000000000000000000000000000000B123 initial=123 final=79244120320000123 delta=79244120320000000
    dex_financial_network_test.go:563: NATIVE_BALANCE height=63 account=0x0000000000000000000000000000000000De0001 initial=0 final=214000000000000000000 delta=214000000000000000000
    dex_financial_network_test.go:563: NATIVE_BALANCE height=63 account=0x0095aBD5E6Ec538Dc566673a2AB5c31579a107ab initial=0 final=142857142857142857 delta=142857142857142857
    dex_financial_network_test.go:563: NATIVE_BALANCE height=63 account=0x028D1e27ABDdE0f167bDA2cb596aF59d64ffb89e initial=1000000000000000000000 final=899980162016000000000 delta=-100019837984000000000
    dex_financial_network_test.go:563: NATIVE_BALANCE height=63 account=0x176664711FBa93F42F3441B119ff909a540fBa53 initial=0 final=142857142857142857 delta=142857142857142857
    dex_financial_network_test.go:563: NATIVE_BALANCE height=63 account=0x322B5D133F3B64cEEb284120E7C092891aB4C09F initial=1000000000000000000000 final=899980162016000000000 delta=-100019837984000000000
    dex_financial_network_test.go:563: NATIVE_BALANCE height=63 account=0x3B420dC9a42CF63C8aB6EBA56Eb808E5a75976aF initial=0 final=142857142857142857 delta=142857142857142857
    dex_financial_network_test.go:563: NATIVE_BALANCE height=63 account=0x5907E92F156fa08bf0334f6DCd5f9b64A21b03af initial=0 final=142857142857142857 delta=142857142857142857
    dex_financial_network_test.go:563: NATIVE_BALANCE height=63 account=0x8EA9E4BbC770F0f5df39e740270EbB6DF86AAF32 initial=1000000000000000000000000000 final=999999999644324486400000000 delta=-355675513600000000
    dex_financial_network_test.go:563: NATIVE_BALANCE height=63 account=0xDB13725E5eBc7F2E7b55c275BC734D223F0F2aAc initial=0 final=142857142857142858 delta=142857142857142858
    dex_financial_network_test.go:563: NATIVE_BALANCE height=63 account=0xEae599d96248b0655E0d00Ac448D76748858B5BA initial=1000000000000000000000 final=974999130880000000000 delta=-25000869120000000000
    dex_financial_network_test.go:563: NATIVE_BALANCE height=63 account=0xEe4D211Fd7427176b75D1944C18676eD1578F160 initial=0 final=142857142857142857 delta=142857142857142857
    dex_financial_network_test.go:563: NATIVE_BALANCE height=63 account=0xFE0084BFD3d0A212556d7E6401751bAEf071BF60 initial=77 final=77 delta=0
    dex_financial_network_test.go:563: NATIVE_BALANCE height=63 account=0xc871f66b927a0aD4f0BEAE8Fdc53693C095CBC45 initial=0 final=10000000000000000000 delta=10000000000000000000
    dex_financial_network_test.go:563: NATIVE_BALANCE height=63 account=0xc9d274f92c948b3d6195130b3e964e56AD97356e initial=0 final=142857142857142857 delta=142857142857142857
    dex_financial_network_test.go:563: NATIVE_LEDGER_RECONCILED height=63 custody=214000000000000000000 gas=396220601600000000 commonReward=79244120320000000 burn=316976481280000000 accounts=15 engine=0/0/0
    dex_financial_network_test.go:564: NATIVE_BALANCE height=63 account=0x000000000000000000000000000000000000B123 initial=123 final=79244120320000123 delta=79244120320000000
    dex_financial_network_test.go:564: NATIVE_BALANCE height=63 account=0x0000000000000000000000000000000000De0001 initial=0 final=214000000000000000000 delta=214000000000000000000
    dex_financial_network_test.go:564: NATIVE_BALANCE height=63 account=0x0095aBD5E6Ec538Dc566673a2AB5c31579a107ab initial=0 final=142857142857142857 delta=142857142857142857
    dex_financial_network_test.go:564: NATIVE_BALANCE height=63 account=0x028D1e27ABDdE0f167bDA2cb596aF59d64ffb89e initial=1000000000000000000000 final=899980162016000000000 delta=-100019837984000000000
    dex_financial_network_test.go:564: NATIVE_BALANCE height=63 account=0x176664711FBa93F42F3441B119ff909a540fBa53 initial=0 final=142857142857142857 delta=142857142857142857
    dex_financial_network_test.go:564: NATIVE_BALANCE height=63 account=0x322B5D133F3B64cEEb284120E7C092891aB4C09F initial=1000000000000000000000 final=899980162016000000000 delta=-100019837984000000000
    dex_financial_network_test.go:564: NATIVE_BALANCE height=63 account=0x3B420dC9a42CF63C8aB6EBA56Eb808E5a75976aF initial=0 final=142857142857142857 delta=142857142857142857
    dex_financial_network_test.go:564: NATIVE_BALANCE height=63 account=0x5907E92F156fa08bf0334f6DCd5f9b64A21b03af initial=0 final=142857142857142857 delta=142857142857142857
    dex_financial_network_test.go:564: NATIVE_BALANCE height=63 account=0x8EA9E4BbC770F0f5df39e740270EbB6DF86AAF32 initial=1000000000000000000000000000 final=999999999644324486400000000 delta=-355675513600000000
    dex_financial_network_test.go:564: NATIVE_BALANCE height=63 account=0xDB13725E5eBc7F2E7b55c275BC734D223F0F2aAc initial=0 final=142857142857142858 delta=142857142857142858
    dex_financial_network_test.go:564: NATIVE_BALANCE height=63 account=0xEae599d96248b0655E0d00Ac448D76748858B5BA initial=1000000000000000000000 final=974999130880000000000 delta=-25000869120000000000
    dex_financial_network_test.go:564: NATIVE_BALANCE height=63 account=0xEe4D211Fd7427176b75D1944C18676eD1578F160 initial=0 final=142857142857142857 delta=142857142857142857
    dex_financial_network_test.go:564: NATIVE_BALANCE height=63 account=0xFE0084BFD3d0A212556d7E6401751bAEf071BF60 initial=77 final=77 delta=0
    dex_financial_network_test.go:564: NATIVE_BALANCE height=63 account=0xc871f66b927a0aD4f0BEAE8Fdc53693C095CBC45 initial=0 final=10000000000000000000 delta=10000000000000000000
    dex_financial_network_test.go:564: NATIVE_BALANCE height=63 account=0xc9d274f92c948b3d6195130b3e964e56AD97356e initial=0 final=142857142857142857 delta=142857142857142857
    dex_financial_network_test.go:564: NATIVE_LEDGER_RECONCILED height=63 custody=214000000000000000000 gas=396220601600000000 commonReward=79244120320000000 burn=316976481280000000 accounts=15 engine=0/0/0
    dex_financial_network_test.go:564: CLX_CRASH_REOPEN height=63 oldPIDs=[1204216 1204227 1204234 1204243 1204252 1204258 1204281] newPIDs=[1204414 1204432 1204439 1204446 1204455 1204462 1204471] root=0xf4c2f3a5ec2cae562ed5fd9b719c6b43af45e9f2a1c4753a8d4436a94dfb4b61
    dex_financial_faults_test.go:149: DEX_FINANCIAL_FAULT stage=one-stopped live=6 finalized=25 root=4fdfaf8e1a549091dea7c57c45160c67731534830f9443aec05645c5de11e3b4 total=225CLX reserved=11CLX
    dex_financial_faults_test.go:149: DEX_FINANCIAL_FAULT stage=two-stopped live=5 finalized=28 root=854c9e0466b7e7842aec17aa881a931349700812e02dcab63ca0c956eb9d9107 total=225CLX reserved=11CLX
    dex_financial_faults_test.go:149: DEX_FINANCIAL_FAULT stage=restart-repair live=7 finalized=28 root=854c9e0466b7e7842aec17aa881a931349700812e02dcab63ca0c956eb9d9107 total=225CLX reserved=11CLX
    dex_financial_faults_test.go:149: DEX_FINANCIAL_FAULT stage=partition-5-2 live=5 finalized=31 root=8430a4a8990a71677fc38ea44683cc2d4955e4ee49a82921e69c27a55dc80162 total=225CLX reserved=11CLX
    dex_financial_faults_test.go:149: DEX_FINANCIAL_FAULT stage=partition-5-2-healed live=7 finalized=31 root=8430a4a8990a71677fc38ea44683cc2d4955e4ee49a82921e69c27a55dc80162 total=225CLX reserved=11CLX
    dex_financial_faults_test.go:149: DEX_FINANCIAL_FAULT stage=partition-4-3-no-new-qc live=7 finalized=31 root=8430a4a8990a71677fc38ea44683cc2d4955e4ee49a82921e69c27a55dc80162 total=225CLX reserved=11CLX
    dex_financial_faults_test.go:149: DEX_FINANCIAL_FAULT stage=partition-4-3-healed live=7 finalized=35 root=2a7ba0c3186e51e6b010eba7932e1e7c9fc884ffa2cfe08a56bd53488474adb6 total=225CLX reserved=11CLX
    dex_financial_economy_test.go:149: DEX_FINANCIAL_ECONOMY stage=oracle-stopped-cancel finalized=40 root=ca2002c3f6b603188ae22ddd06360647181621ba816f72626bb0e2df2a0f4ca4 total=225CLX reserved=11CLX mark=100000000000000000000 insurance=5000000000000000000 frozen=false
    dex_financial_economy_test.go:149: DEX_FINANCIAL_ECONOMY stage=abrupt-price-no-counterparty finalized=46 root=ad8dbadc97bae0fe6140e4602aba22bd2ee1967d5f5cf524be92f107c60ed753 total=225CLX reserved=11CLX mark=1000000000000000000 insurance=5000000000000000000 frozen=false
    dex_financial_network_test.go:594: DEX_FINANCIAL_DA_UNAVAILABLE holder=6 knownHeight=46 error=financial API /v1/checkpoint?height=46: HTTP503 data unavailable
    dex_financial_economy_test.go:149: DEX_FINANCIAL_ECONOMY stage=holder-repaired finalized=46 root=ad8dbadc97bae0fe6140e4602aba22bd2ee1967d5f5cf524be92f107c60ed753 total=225CLX reserved=11CLX mark=1000000000000000000 insurance=5000000000000000000 frozen=false
    dex_financial_economy_test.go:149: DEX_FINANCIAL_ECONOMY stage=actual-close-insurance-exhausted finalized=49 root=b7f19d402157fd37220a5f3e225509884f53e1670a82e94e4999596b19897249 total=225CLX reserved=11CLX mark=1000000000000000000 insurance=0 frozen=true
    dex_financial_economy_test.go:149: DEX_FINANCIAL_ECONOMY stage=frozen-market-noop-remains-conservative finalized=50 root=4f29e5b8d06ac60afefeba1d3c586888248fc10deed3314f3888dc8388c6e7e1 total=225CLX reserved=11CLX mark=1000000000000000000 insurance=0 frozen=true
    dex_financial_network_test.go:594: DEX_FINANCIAL_ECONOMY_COMPLETE next=52 financial roots after18 intentionally not submitted to CLX; paid native custody remains separate
    dex_financial_network_test.go:613: NATIVE_BALANCE height=69 account=0x000000000000000000000000000000000000B123 initial=123 final=79497053440000123 delta=79497053440000000
    dex_financial_network_test.go:613: NATIVE_BALANCE height=69 account=0x000000000000000000000000000000000000DAd1 initial=0 final=1 delta=1
    dex_financial_network_test.go:613: NATIVE_BALANCE height=69 account=0x0000000000000000000000000000000000De0001 initial=0 final=214000000000000000000 delta=214000000000000000000
    dex_financial_network_test.go:613: NATIVE_BALANCE height=69 account=0x0095aBD5E6Ec538Dc566673a2AB5c31579a107ab initial=0 final=142857142857142857 delta=142857142857142857
    dex_financial_network_test.go:613: NATIVE_BALANCE height=69 account=0x028D1e27ABDdE0f167bDA2cb596aF59d64ffb89e initial=1000000000000000000000 final=899980162016000000000 delta=-100019837984000000000
    dex_financial_network_test.go:613: NATIVE_BALANCE height=69 account=0x176664711FBa93F42F3441B119ff909a540fBa53 initial=0 final=142857142857142857 delta=142857142857142857
    dex_financial_network_test.go:613: NATIVE_BALANCE height=69 account=0x322B5D133F3B64cEEb284120E7C092891aB4C09F initial=1000000000000000000000 final=899980162016000000000 delta=-100019837984000000000
    dex_financial_network_test.go:613: NATIVE_BALANCE height=69 account=0x3B420dC9a42CF63C8aB6EBA56Eb808E5a75976aF initial=0 final=142857142857142857 delta=142857142857142857
    dex_financial_network_test.go:613: NATIVE_BALANCE height=69 account=0x5907E92F156fa08bf0334f6DCd5f9b64A21b03af initial=0 final=142857142857142857 delta=142857142857142857
    dex_financial_network_test.go:613: NATIVE_BALANCE height=69 account=0x8EA9E4BbC770F0f5df39e740270EbB6DF86AAF32 initial=1000000000000000000000000000 final=999999999643059820799999999 delta=-356940179200000001
    dex_financial_network_test.go:613: NATIVE_BALANCE height=69 account=0xDB13725E5eBc7F2E7b55c275BC734D223F0F2aAc initial=0 final=142857142857142858 delta=142857142857142858
    dex_financial_network_test.go:613: NATIVE_BALANCE height=69 account=0xEae599d96248b0655E0d00Ac448D76748858B5BA initial=1000000000000000000000 final=974999130880000000000 delta=-25000869120000000000
    dex_financial_network_test.go:613: NATIVE_BALANCE height=69 account=0xEe4D211Fd7427176b75D1944C18676eD1578F160 initial=0 final=142857142857142857 delta=142857142857142857
    dex_financial_network_test.go:613: NATIVE_BALANCE height=69 account=0xFE0084BFD3d0A212556d7E6401751bAEf071BF60 initial=77 final=77 delta=0
    dex_financial_network_test.go:613: NATIVE_BALANCE height=69 account=0xc871f66b927a0aD4f0BEAE8Fdc53693C095CBC45 initial=0 final=10000000000000000000 delta=10000000000000000000
    dex_financial_network_test.go:613: NATIVE_BALANCE height=69 account=0xc9d274f92c948b3d6195130b3e964e56AD97356e initial=0 final=142857142857142857 delta=142857142857142857
    dex_financial_network_test.go:613: NATIVE_LEDGER_RECONCILED height=69 custody=214000000000000000000 gas=397485267200000000 commonReward=79497053440000000 burn=317988213760000000 accounts=16 engine=0/0/0
    dex_financial_network_test.go:616: NORMAL_COMMON_CLX_SYNC index=0 pid=1203975 height=69 custody=214000000000000000000 DEXSidecarStopped=true allBlockRootsReceiptsGasMatch=true
    dex_financial_network_test.go:616: NORMAL_COMMON_CLX_SYNC index=1 pid=1204002 height=69 custody=214000000000000000000 DEXSidecarStopped=true allBlockRootsReceiptsGasMatch=true
    dex_financial_network_test.go:616: NORMAL_COMMON_CLX_SYNC index=2 pid=1204030 height=69 custody=214000000000000000000 DEXSidecarStopped=true allBlockRootsReceiptsGasMatch=true
    dex_financial_network_test.go:616: NORMAL_COMMON_CLX_SYNC index=3 pid=1204056 height=69 custody=214000000000000000000 DEXSidecarStopped=true allBlockRootsReceiptsGasMatch=true
    dex_financial_network_test.go:616: NORMAL_COMMON_CLX_SYNC index=4 pid=1204084 height=69 custody=214000000000000000000 DEXSidecarStopped=true allBlockRootsReceiptsGasMatch=true
    dex_financial_network_test.go:616: NORMAL_COMMON_CLX_SYNC index=5 pid=1204517 height=69 custody=214000000000000000000 DEXSidecarStopped=true allBlockRootsReceiptsGasMatch=true
    dex_financial_network_test.go:616: NORMAL_COMMON_CLX_SYNC index=6 pid=1204558 height=69 custody=214000000000000000000 DEXSidecarStopped=true allBlockRootsReceiptsGasMatch=true
    dex_financial_network_test.go:618: DEX_OFF_PROCESS_FULLSYNC_RESTART pid=1204756 restartPid=1204771 height=69 root=0x5411e6893355cf27ea1874c3c94eed6658d3dd2d46908518a3e4778238f7963c receipts=0x232f79d806c08cacd9cc3c78563f20622dac828877e3d053a068ed1a6a6c40c4 gas=384708 financialEngine=0/0/0
    dex_financial_network_test.go:619: NATIVE_RPC_PARITY head=0x24be395eb81db5b2a8cb57de3879a404a3dbe69203edc98923c6af860b1585f9 eth_call_return=223 estimate=271600 native_trace_gas=271600 ordinary_trace_gas=21000 fake_from=insufficient explicit_override=simulation canonical_state=unchanged
    dex_financial_network_test.go:620: FINANCIAL_TWO_DOMAIN_TRACE_PASS ordinaryCLI=true clxProcesses=[1204414 1204432 1204439 1204446 1204455 1204462 1204471] dexSidecars=7 RPCCommon=1 independentDEXOffSyncCommon=1; normal CLI mode additionally has 7 supervising Common processes; isolated loopback, not WAN
