=== RUN   TestG0CommonCLIJournalPathRestart
=== RUN   TestG0CommonCLIJournalPathRestart/omitted
    dex_journal_paths_test.go:58: CLOSED_GENESIS stage=journal-omitted-initialized path=/tmp/common-dex-continuous.uye5vgqi/TestG0CommonCLIJournalPathRestartomitted991770401/001/common/cypher/chaindata key0=0x8895c96a8069010e8a21ec0fb1937c8ab769ebe061445eaf334edec13a7cbfa7 tx0=0xd4a9ad583f2be05d5fa109f209365ac4cca6045641c3b3c8a2cf55bc3c3cdd6d
    dex_journal_paths_test.go:95: CLOSED_GENESIS stage=journal-omitted-closed-0 path=/tmp/common-dex-continuous.uye5vgqi/TestG0CommonCLIJournalPathRestartomitted991770401/001/common/cypher/chaindata key0=0x8895c96a8069010e8a21ec0fb1937c8ab769ebe061445eaf334edec13a7cbfa7 tx0=0xd4a9ad583f2be05d5fa109f209365ac4cca6045641c3b3c8a2cf55bc3c3cdd6d
    dex_journal_paths_test.go:95: CLOSED_GENESIS stage=journal-omitted-closed-1 path=/tmp/common-dex-continuous.uye5vgqi/TestG0CommonCLIJournalPathRestartomitted991770401/001/common/cypher/chaindata key0=0x8895c96a8069010e8a21ec0fb1937c8ab769ebe061445eaf334edec13a7cbfa7 tx0=0xd4a9ad583f2be05d5fa109f209365ac4cca6045641c3b3c8a2cf55bc3c3cdd6d
    dex_journal_paths_test.go:110: JOURNAL_RESTART mode=omitted expected=/tmp/common-dex-continuous.uye5vgqi/TestG0CommonCLIJournalPathRestartomitted991770401/001/common/cypher/triecache normal_starts=2 genesis_init=1 tx_key_genesis=preserved sibling=preserved normal_pow_nonce=NOT_RUN
=== RUN   TestG0CommonCLIJournalPathRestart/empty
    dex_journal_paths_test.go:58: CLOSED_GENESIS stage=journal-empty-initialized path=/tmp/common-dex-continuous.uye5vgqi/TestG0CommonCLIJournalPathRestartempty3923603287/001/common/cypher/chaindata key0=0xd69225b7e6603067dfe6592e043fddb383295ede3d1cd557e33077d95fd2a35f tx0=0x20dd9875414f8a09b35ef264c34e2d47207009515d3916064213aaff7c2b1958
    dex_journal_paths_test.go:95: CLOSED_GENESIS stage=journal-empty-closed-0 path=/tmp/common-dex-continuous.uye5vgqi/TestG0CommonCLIJournalPathRestartempty3923603287/001/common/cypher/chaindata key0=0xd69225b7e6603067dfe6592e043fddb383295ede3d1cd557e33077d95fd2a35f tx0=0x20dd9875414f8a09b35ef264c34e2d47207009515d3916064213aaff7c2b1958
    dex_journal_paths_test.go:95: CLOSED_GENESIS stage=journal-empty-closed-1 path=/tmp/common-dex-continuous.uye5vgqi/TestG0CommonCLIJournalPathRestartempty3923603287/001/common/cypher/chaindata key0=0xd69225b7e6603067dfe6592e043fddb383295ede3d1cd557e33077d95fd2a35f tx0=0x20dd9875414f8a09b35ef264c34e2d47207009515d3916064213aaff7c2b1958
    dex_journal_paths_test.go:110: JOURNAL_RESTART mode=empty expected=/tmp/common-dex-continuous.uye5vgqi/TestG0CommonCLIJournalPathRestartempty3923603287/001/common/cypher/triecache normal_starts=2 genesis_init=1 tx_key_genesis=preserved sibling=preserved normal_pow_nonce=NOT_RUN
=== RUN   TestG0CommonCLIJournalPathRestart/relative
    dex_journal_paths_test.go:58: CLOSED_GENESIS stage=journal-relative-initialized path=/tmp/common-dex-continuous.uye5vgqi/TestG0CommonCLIJournalPathRestartrelative1518144125/001/common/cypher/chaindata key0=0xacbbbc9e555343b31b0e867143e82acb61e0cce174caed33344420404b674622 tx0=0x6b03e39f123f5d446197c946ac6d971287765d25a8df0a959ddc49d310973052
    dex_journal_paths_test.go:95: CLOSED_GENESIS stage=journal-relative-closed-0 path=/tmp/common-dex-continuous.uye5vgqi/TestG0CommonCLIJournalPathRestartrelative1518144125/001/common/cypher/chaindata key0=0xacbbbc9e555343b31b0e867143e82acb61e0cce174caed33344420404b674622 tx0=0x6b03e39f123f5d446197c946ac6d971287765d25a8df0a959ddc49d310973052
    dex_journal_paths_test.go:95: CLOSED_GENESIS stage=journal-relative-closed-1 path=/tmp/common-dex-continuous.uye5vgqi/TestG0CommonCLIJournalPathRestartrelative1518144125/001/common/cypher/chaindata key0=0xacbbbc9e555343b31b0e867143e82acb61e0cce174caed33344420404b674622 tx0=0x6b03e39f123f5d446197c946ac6d971287765d25a8df0a959ddc49d310973052
    dex_journal_paths_test.go:110: JOURNAL_RESTART mode=relative expected=/tmp/common-dex-continuous.uye5vgqi/TestG0CommonCLIJournalPathRestartrelative1518144125/001/common/cypher/g0-cache/trie normal_starts=2 genesis_init=1 tx_key_genesis=preserved sibling=preserved normal_pow_nonce=NOT_RUN
=== RUN   TestG0CommonCLIJournalPathRestart/absolute
    dex_journal_paths_test.go:58: CLOSED_GENESIS stage=journal-absolute-initialized path=/tmp/common-dex-continuous.uye5vgqi/TestG0CommonCLIJournalPathRestartabsolute2103582925/001/common/cypher/chaindata key0=0x5e34304a4d6b8eeb2dd79f1943286199ca57d563009acfbafa0a4a4b8d181a98 tx0=0x0aa6bf0e2a93d61c46b6aab2e2d1376135c29ad50fa8357bed71ac4c70013f52
    dex_journal_paths_test.go:95: CLOSED_GENESIS stage=journal-absolute-closed-0 path=/tmp/common-dex-continuous.uye5vgqi/TestG0CommonCLIJournalPathRestartabsolute2103582925/001/common/cypher/chaindata key0=0x5e34304a4d6b8eeb2dd79f1943286199ca57d563009acfbafa0a4a4b8d181a98 tx0=0x0aa6bf0e2a93d61c46b6aab2e2d1376135c29ad50fa8357bed71ac4c70013f52
    dex_journal_paths_test.go:95: CLOSED_GENESIS stage=journal-absolute-closed-1 path=/tmp/common-dex-continuous.uye5vgqi/TestG0CommonCLIJournalPathRestartabsolute2103582925/001/common/cypher/chaindata key0=0x5e34304a4d6b8eeb2dd79f1943286199ca57d563009acfbafa0a4a4b8d181a98 tx0=0x0aa6bf0e2a93d61c46b6aab2e2d1376135c29ad50fa8357bed71ac4c70013f52
    dex_journal_paths_test.go:110: JOURNAL_RESTART mode=absolute expected=/tmp/common-dex-continuous.uye5vgqi/TestG0CommonCLIJournalPathRestartabsolute2103582925/001/owned-absolute-triecache normal_starts=2 genesis_init=1 tx_key_genesis=preserved sibling=preserved normal_pow_nonce=NOT_RUN
--- PASS: TestG0CommonCLIJournalPathRestart (29.95s)
    --- PASS: TestG0CommonCLIJournalPathRestart/omitted (7.12s)
    --- PASS: TestG0CommonCLIJournalPathRestart/empty (7.55s)
    --- PASS: TestG0CommonCLIJournalPathRestart/relative (7.91s)
    --- PASS: TestG0CommonCLIJournalPathRestart/absolute (7.37s)
PASS
ok  	github.com/cypherium/cypher/cmd/cypher	29.987s
