dex/accounting/arithmetic.go: OK
dex/accounting/arithmetic_test.go: OK
dex/checkpoint/accept.go: OK
dex/checkpoint/accept_test.go: OK
dex/checkpoint/proof.go: OK
dex/checkpoint/proof_test.go: OK
dex/consensus/app.go: OK
dex/consensus/app_test.go: OK
dex/consensus/execution.go: OK
dex/consensus/execution_test.go: OK
dex/consensus/snapshot.go: OK
dex/consensus/wal.go: OK
dex/consensus/wal_linux.go: OK
dex/consensus/wal_unsupported.go: OK
dex/consensus/wire.go: OK
dex/data/store.go: OK
dex/data/store_test.go: OK
dex/devnet/execution.go: OK
dex/devnet/integration_test.go: OK
dex/engine/action.go: OK
dex/engine/engine_test.go: OK
dex/engine/execute.go: OK
dex/engine/security_test.go: OK
dex/engine/state.go: OK
dex/protocol/checkpoint.go: OK
dex/protocol/checkpoint_test.go: OK
dex/protocol/claim.go: OK
dex/protocol/claim_count.go: OK
dex/protocol/claim_test.go: OK
dex/protocol/deposit.go: OK
dex/protocol/finance.go: OK
dex/protocol/finance_test.go: OK
dex/rewards/codec.go: OK
dex/rewards/collector.go: OK
dex/rewards/package.go: OK
dex/rewards/rewards_test.go: OK
dex/rewards/verify.go: OK
dex/rewards/wal.go: OK
dex/rewards/wal_linux.go: OK
dex/rewards/wal_unsupported.go: OK
dex/runtime/coordinator.go: OK
dex/runtime/runtime.go: OK
dex/runtime/runtime_test.go: OK
dex/settlement/adapter.go: OK
dex/settlement/adapter_test.go: OK
dex/testdata/accounting.json: OK
dex/testdata/checkpoint.json: OK
dex/testdata/claims.json: OK
dex/testdata/counter.json: OK
dex/testdata/engine.json: OK
dex/testdata/execution.json: OK
dex/testdata/finality.json: OK
dex/testdata/finance.json: OK
dex/testdata/participation.json: OK
reconfig/hotstuff/committee_qc_test.go: OK
reconfig/hotstuff/committee_resolver.go: OK
reconfig/hotstuff/committee_resolver_test.go: OK
reconfig/hotstuff/fhs_adversarial_sim_test.go: OK
reconfig/hotstuff/fhs_future_jump_test.go: OK
reconfig/hotstuff/fhs_highqc_recovery_test.go: OK
reconfig/hotstuff/fhs_parent_selection_test.go: OK
reconfig/hotstuff/fhs_protocol.go: OK
reconfig/hotstuff/fhs_timeout_recovery_test.go: OK
reconfig/hotstuff/fhs_v2.go: OK
reconfig/hotstuff/fhs_v2_test.go: OK
reconfig/hotstuff/hotstuff.go: OK
reconfig/hotstuff/message_auth.go: OK
reconfig/hotstuff/message_auth_test.go: OK
reconfig/hotstuff/recovery_test.go: OK
scripts/dex/check.sh: OK
scripts/dex/claim_vectors.py: OK
scripts/dex/codec_vectors.py: OK
scripts/dex/counter_vectors.py: OK
scripts/dex/engine_vectors.py: OK
scripts/dex/execution_vectors.py: OK
scripts/dex/finance_vectors.py: OK
scripts/dex/participation_vectors.py: OK
scripts/dex/reference_model.py: OK
eth/dex_role_independence_test.go: OK
reconfig/dex_isolation_process_test.go: OK
