=== RUN   TestSevenFHSActorsOverPinnedTLSSockets
    service_test.go:147: seven actual FHS managers finalized4 using mutually pinned TLS sockets; no financial execution in this test
--- PASS: TestSevenFHSActorsOverPinnedTLSSockets (4.48s)
=== RUN   TestAuthenticatedActionAPIAndSerializedActor
--- PASS: TestAuthenticatedActionAPIAndSerializedActor (0.37s)
=== RUN   TestManifestDisabledAndUnknownFields
--- PASS: TestManifestDisabledAndUnknownFields (0.00s)
PASS
ok  	github.com/cypherium/cypher/dex/service	5.955s
=== RUN   TestPoolRejectsInvalidCandidateWithoutBlockingNextAndRestarts
--- PASS: TestPoolRejectsInvalidCandidateWithoutBlockingNextAndRestarts (0.05s)
=== RUN   TestPoolBoundsAuthenticationAndPersistenceFailure
--- PASS: TestPoolBoundsAuthenticationAndPersistenceFailure (0.26s)
=== RUN   TestPoolRefusesUnownedAndSymlinkState
--- PASS: TestPoolRefusesUnownedAndSymlinkState (0.01s)
PASS
ok  	github.com/cypherium/cypher/dex/service/finance	1.381s
=== RUN   TestReplicationIndependentGoldenAndBounds
--- PASS: TestReplicationIndependentGoldenAndBounds (0.00s)
=== RUN   TestReplicationRejectsIdentityAndBoundsBeforeCrypto
--- PASS: TestReplicationRejectsIdentityAndBoundsBeforeCrypto (0.00s)
=== RUN   FuzzReplicationEnvelope
=== RUN   FuzzReplicationEnvelope/seed#0
=== RUN   FuzzReplicationEnvelope/seed#1
=== RUN   FuzzReplicationEnvelope/seed#2
--- PASS: FuzzReplicationEnvelope (0.00s)
    --- PASS: FuzzReplicationEnvelope/seed#0 (0.00s)
    --- PASS: FuzzReplicationEnvelope/seed#1 (0.00s)
    --- PASS: FuzzReplicationEnvelope/seed#2 (0.00s)
PASS
ok  	github.com/cypherium/cypher/dex/service/replication	1.064s
=== RUN   TestOutboundTLSUsesRegisteredListenerIPAndEphemeralPort
    source_test.go:85: actual pinned TLS accepted source 127.0.0.2 with an ephemeral port; frame identity checks retained
--- PASS: TestOutboundTLSUsesRegisteredListenerIPAndEphemeralPort (0.05s)
=== RUN   TestSocketGolden
--- PASS: TestSocketGolden (0.00s)
=== RUN   TestTLSOutboxReconnectDuplicatesAndRestart
--- PASS: TestTLSOutboxReconnectDuplicatesAndRestart (0.29s)
=== RUN   TestTLSIdentityEpochPartialAndOutOfOrder
=== RUN   TestTLSIdentityEpochPartialAndOutOfOrder/partial
=== RUN   TestTLSIdentityEpochPartialAndOutOfOrder/old_epoch
=== RUN   TestTLSIdentityEpochPartialAndOutOfOrder/wrong_source
=== RUN   TestTLSIdentityEpochPartialAndOutOfOrder/huge_length
--- PASS: TestTLSIdentityEpochPartialAndOutOfOrder (0.62s)
    --- PASS: TestTLSIdentityEpochPartialAndOutOfOrder/partial (0.50s)
    --- PASS: TestTLSIdentityEpochPartialAndOutOfOrder/old_epoch (0.01s)
    --- PASS: TestTLSIdentityEpochPartialAndOutOfOrder/wrong_source (0.01s)
    --- PASS: TestTLSIdentityEpochPartialAndOutOfOrder/huge_length (0.01s)
=== RUN   TestOutboxOwnershipAndRegistryRebind
--- PASS: TestOutboxOwnershipAndRegistryRebind (0.02s)
PASS
ok  	github.com/cypherium/cypher/dex/transport	2.018s
=== RUN   TestProcessEnvelopeIndependentGoldenAndBounds
--- PASS: TestProcessEnvelopeIndependentGoldenAndBounds (0.00s)
=== RUN   TestNativeRegistrationMatchesAuthenticatedGenesis
--- PASS: TestNativeRegistrationMatchesAuthenticatedGenesis (0.00s)
=== RUN   TestProcessAuthenticatedQueueConflictAndPersistenceUncertainty
--- PASS: TestProcessAuthenticatedQueueConflictAndPersistenceUncertainty (0.01s)
=== RUN   TestProcessIdentityOwnershipAndRestart
--- PASS: TestProcessIdentityOwnershipAndRestart (0.01s)
PASS
ok  	github.com/cypherium/cypher/dex/devnet/testnet	1.080s
