=== RUN   TestDEXNormalCLINativeFinanceSmoke
    dex_finance_test.go:190: pre-inbox economic rejection: native finalized inbox anchor required
    dex_finance_test.go:211: ordinary Common owns native-finance child; seven real TLS peers; signed HTTP admission and economic rejection; no PoW nonce work, no funded CLX scenario in this smoke
--- PASS: TestDEXNormalCLINativeFinanceSmoke (4.33s)
=== RUN   TestDEXNormalCLIEightRoleCombinations
=== RUN   TestDEXNormalCLIEightRoleCombinations/pow_false_rpc_false_dex_false
    dex_test.go:278: PoW lifecycle only: dedicated8byte fixture /tmp/TestDEXNormalCLIEightRoleCombinationspow_false_rpc_false_dex_fa862805714/001/invalid-dataset/full-R25-0000000000000000; colossusX.go:396 size rejection precedes line412 cache generation; sealer.go:36 calls dataset before threads
    dex_test.go:424: ordinary CLI Common pow=false rpc=false dex=false; enabled roles checked independently through IPC/HTTP/TLS; normal-size PoW nonces NOT_RUN; payer=6d68076008dda0051026bc601ce8df5422b0813c
=== RUN   TestDEXNormalCLIEightRoleCombinations/pow_true_rpc_false_dex_false
    dex_test.go:278: PoW lifecycle only: dedicated8byte fixture /tmp/TestDEXNormalCLIEightRoleCombinationspow_true_rpc_false_dex_fal2102115746/001/invalid-dataset/full-R25-0000000000000000; colossusX.go:396 size rejection precedes line412 cache generation; sealer.go:36 calls dataset before threads
    dex_test.go:424: ordinary CLI Common pow=true rpc=false dex=false; enabled roles checked independently through IPC/HTTP/TLS; normal-size PoW nonces NOT_RUN; payer=ee145405eb4289a6413fbd28b04c6ae5cc2277e9
=== RUN   TestDEXNormalCLIEightRoleCombinations/pow_false_rpc_true_dex_false
    dex_test.go:278: PoW lifecycle only: dedicated8byte fixture /tmp/TestDEXNormalCLIEightRoleCombinationspow_false_rpc_true_dex_fal3510977957/001/invalid-dataset/full-R25-0000000000000000; colossusX.go:396 size rejection precedes line412 cache generation; sealer.go:36 calls dataset before threads
    dex_test.go:424: ordinary CLI Common pow=false rpc=true dex=false; enabled roles checked independently through IPC/HTTP/TLS; normal-size PoW nonces NOT_RUN; payer=dfd63f219753e625054dd41c1effc5dde9587dd0
=== RUN   TestDEXNormalCLIEightRoleCombinations/pow_true_rpc_true_dex_false
    dex_test.go:278: PoW lifecycle only: dedicated8byte fixture /tmp/TestDEXNormalCLIEightRoleCombinationspow_true_rpc_true_dex_fals2298886636/001/invalid-dataset/full-R25-0000000000000000; colossusX.go:396 size rejection precedes line412 cache generation; sealer.go:36 calls dataset before threads
    dex_test.go:424: ordinary CLI Common pow=true rpc=true dex=false; enabled roles checked independently through IPC/HTTP/TLS; normal-size PoW nonces NOT_RUN; payer=719a5190f87c9efde31c5d84af99b55c237fa6a5
=== RUN   TestDEXNormalCLIEightRoleCombinations/pow_false_rpc_false_dex_true
    dex_test.go:278: PoW lifecycle only: dedicated8byte fixture /tmp/TestDEXNormalCLIEightRoleCombinationspow_false_rpc_false_dex_tr1990332236/001/invalid-dataset/full-R25-0000000000000000; colossusX.go:396 size rejection precedes line412 cache generation; sealer.go:36 calls dataset before threads
    dex_test.go:424: ordinary CLI Common pow=false rpc=false dex=true; enabled roles checked independently through IPC/HTTP/TLS; normal-size PoW nonces NOT_RUN; payer=793a736a7ca5325cd48ff4997a47d20fc2d7def2
=== RUN   TestDEXNormalCLIEightRoleCombinations/pow_true_rpc_false_dex_true
    dex_test.go:278: PoW lifecycle only: dedicated8byte fixture /tmp/TestDEXNormalCLIEightRoleCombinationspow_true_rpc_false_dex_tru3164604449/001/invalid-dataset/full-R25-0000000000000000; colossusX.go:396 size rejection precedes line412 cache generation; sealer.go:36 calls dataset before threads
    dex_test.go:424: ordinary CLI Common pow=true rpc=false dex=true; enabled roles checked independently through IPC/HTTP/TLS; normal-size PoW nonces NOT_RUN; payer=68277dbdc85dedbb6b69b9c15139b6c56b1a4fa2
=== RUN   TestDEXNormalCLIEightRoleCombinations/pow_false_rpc_true_dex_true
    dex_test.go:278: PoW lifecycle only: dedicated8byte fixture /tmp/TestDEXNormalCLIEightRoleCombinationspow_false_rpc_true_dex_tru2533236297/001/invalid-dataset/full-R25-0000000000000000; colossusX.go:396 size rejection precedes line412 cache generation; sealer.go:36 calls dataset before threads
    dex_test.go:424: ordinary CLI Common pow=false rpc=true dex=true; enabled roles checked independently through IPC/HTTP/TLS; normal-size PoW nonces NOT_RUN; payer=70eeab25e3c397fed947a32f7a394bbd24e52e69
=== RUN   TestDEXNormalCLIEightRoleCombinations/pow_true_rpc_true_dex_true
    dex_test.go:278: PoW lifecycle only: dedicated8byte fixture /tmp/TestDEXNormalCLIEightRoleCombinationspow_true_rpc_true_dex_true3235053187/001/invalid-dataset/full-R25-0000000000000000; colossusX.go:396 size rejection precedes line412 cache generation; sealer.go:36 calls dataset before threads
    dex_test.go:424: ordinary CLI Common pow=true rpc=true dex=true; enabled roles checked independently through IPC/HTTP/TLS; normal-size PoW nonces NOT_RUN; payer=d7f061b66ab7a2149ae0cf21e1959ad8c00fac0d
--- PASS: TestDEXNormalCLIEightRoleCombinations (39.80s)
    --- PASS: TestDEXNormalCLIEightRoleCombinations/pow_false_rpc_false_dex_false (4.32s)
    --- PASS: TestDEXNormalCLIEightRoleCombinations/pow_true_rpc_false_dex_false (4.29s)
    --- PASS: TestDEXNormalCLIEightRoleCombinations/pow_false_rpc_true_dex_false (4.21s)
    --- PASS: TestDEXNormalCLIEightRoleCombinations/pow_true_rpc_true_dex_false (5.89s)
    --- PASS: TestDEXNormalCLIEightRoleCombinations/pow_false_rpc_false_dex_true (4.97s)
    --- PASS: TestDEXNormalCLIEightRoleCombinations/pow_true_rpc_false_dex_true (5.43s)
    --- PASS: TestDEXNormalCLIEightRoleCombinations/pow_false_rpc_true_dex_true (5.53s)
    --- PASS: TestDEXNormalCLIEightRoleCombinations/pow_true_rpc_true_dex_true (5.16s)
PASS
ok  	github.com/cypherium/cypher/cmd/cypher	44.193s
