build/bin/cypher: OK
build/bin/cypher-darwin-arm64: OK
build/bin/cypher-linux-amd64: OK
build/bin/cypher.exe: OK
build/bin/libcrypto-3-x64.dll: OK
build/bin/libgcc_s_seh-1.dll: OK
build/bin/libgmp-10.dll: OK
build/bin/libstdc++-6.dll: OK
build/bin/libwinpthread-1.dll: OK
cmd/cypher/data/geth/LOCK: OK
cmd/cypher/data/geth/chaindata/000014.ldb: OK
cmd/cypher/data/geth/chaindata/000015.ldb: OK
cmd/cypher/data/geth/chaindata/000018.ldb: OK
cmd/cypher/data/geth/chaindata/000021.ldb: OK
cmd/cypher/data/geth/chaindata/000022.log: OK
cmd/cypher/data/geth/chaindata/CURRENT: OK
cmd/cypher/data/geth/chaindata/LOCK: OK
cmd/cypher/data/geth/chaindata/LOG: OK
cmd/cypher/data/geth/chaindata/MANIFEST-000023: OK
cmd/cypher/data/geth/chaindata/ancient/FLOCK: OK
cmd/cypher/data/geth/chaindata/ancient/bodies.0000.cdat: OK
cmd/cypher/data/geth/chaindata/ancient/bodies.cidx: OK
cmd/cypher/data/geth/chaindata/ancient/diffs.0000.rdat: OK
cmd/cypher/data/geth/chaindata/ancient/diffs.ridx: OK
cmd/cypher/data/geth/chaindata/ancient/hashes.0000.rdat: OK
cmd/cypher/data/geth/chaindata/ancient/hashes.ridx: OK
cmd/cypher/data/geth/chaindata/ancient/headers.0000.cdat: OK
cmd/cypher/data/geth/chaindata/ancient/headers.cidx: OK
cmd/cypher/data/geth/chaindata/ancient/receipts.0000.cdat: OK
cmd/cypher/data/geth/chaindata/ancient/receipts.cidx: OK
cmd/cypher/data/geth/nodekey: OK
cmd/cypher/data/geth/nodes/000013.ldb: OK
cmd/cypher/data/geth/nodes/000014.log: OK
cmd/cypher/data/geth/nodes/000016.ldb: OK
cmd/cypher/data/geth/nodes/CURRENT: OK
cmd/cypher/data/geth/nodes/LOCK: OK
cmd/cypher/data/geth/nodes/LOG: OK
cmd/cypher/data/geth/nodes/MANIFEST-000015: OK
cmd/cypher/data/geth/transactions.rlp: OK
cmd/cypher/data/geth/triecache/data.0.bin: OK
cmd/cypher/data/geth/triecache/metadata.bin: OK
cmd/cypher/data/keystore/ED25519--2022-03-01T06-09-01.951391000Z--592ffc305d3c78cadadb49166823ef8dddd16ed5: OK
cmd/cypher/data/keystore/UTC--2022-03-01T06-08-58.365578000Z--f9f71b2f0f8d0baf081c57101662568b7dfc7448: OK
cmd/cypher/data/keystore/UTC--2022-03-01T06-09-00.161565000Z--4360da708fb0d5209627ac5dc09b0e10a6b45c4a: OK
crypto/bls/lib/darwin/libbls256.a: OK
crypto/bls/lib/darwin/libbls384.a: OK
crypto/bls/lib/darwin/libbls384_256.a: OK
crypto/bls/lib/darwin/libbls512.a: OK
crypto/bls/lib/darwin/libmcl.a: OK
crypto/bls/lib/libbls256.a: OK
crypto/bls/lib/libbls384.a: OK
crypto/bls/lib/libbls384_256.a: OK
crypto/bls/lib/libbls512.a: OK
crypto/bls/lib/libmcl.a: OK
crypto/bls/lib/linux/libbls256.a: OK
crypto/bls/lib/linux/libbls384.a: OK
crypto/bls/lib/linux/libbls384_256.a: OK
crypto/bls/lib/linux/libbls512.a: OK
crypto/bls/lib/linux/libmcl.a: OK
crypto/bls/lib/mac/libbls256.a: OK
crypto/bls/lib/mac/libbls384.a: OK
crypto/bls/lib/mac/libbls384_256.a: OK
crypto/bls/lib/mac/libbls512.a: OK
crypto/bls/lib/mac/libmcl.a: OK
crypto/bls/lib/win/libbls256.a: OK
crypto/bls/lib/win/libbls384.a: OK
crypto/bls/lib/win/libbls384_256.a: OK
crypto/bls/lib/win/libbls512.a: OK
crypto/bls/lib/win/libmcl.a: OK
genesis.json: OK
