=== RUN   TestSocketGolden
--- PASS: TestSocketGolden (0.00s)
=== RUN   TestTLSOutboxReconnectDuplicatesAndRestart
--- PASS: TestTLSOutboxReconnectDuplicatesAndRestart (0.27s)
=== RUN   TestTLSIdentityEpochPartialAndOutOfOrder
=== RUN   TestTLSIdentityEpochPartialAndOutOfOrder/old_epoch
=== RUN   TestTLSIdentityEpochPartialAndOutOfOrder/wrong_source
=== RUN   TestTLSIdentityEpochPartialAndOutOfOrder/huge_length
=== RUN   TestTLSIdentityEpochPartialAndOutOfOrder/partial
--- PASS: TestTLSIdentityEpochPartialAndOutOfOrder (0.67s)
    --- PASS: TestTLSIdentityEpochPartialAndOutOfOrder/old_epoch (0.03s)
    --- PASS: TestTLSIdentityEpochPartialAndOutOfOrder/wrong_source (0.02s)
    --- PASS: TestTLSIdentityEpochPartialAndOutOfOrder/huge_length (0.02s)
    --- PASS: TestTLSIdentityEpochPartialAndOutOfOrder/partial (0.50s)
=== RUN   TestOutboxOwnershipAndRegistryRebind
--- PASS: TestOutboxOwnershipAndRegistryRebind (0.04s)
PASS
ok  	github.com/cypherium/cypher/dex/transport	2.023s
=== RUN   TestSevenFHSActorsOverPinnedTLSSockets
    service_test.go:147: seven actual FHS managers finalized4 using mutually pinned TLS sockets; no financial execution in this test
--- PASS: TestSevenFHSActorsOverPinnedTLSSockets (3.84s)
=== RUN   TestAuthenticatedActionAPIAndSerializedActor
--- PASS: TestAuthenticatedActionAPIAndSerializedActor (0.40s)
=== RUN   TestManifestDisabledAndUnknownFields
--- PASS: TestManifestDisabledAndUnknownFields (0.00s)
PASS
ok  	github.com/cypherium/cypher/dex/service	5.313s
