test_missing_receipt_and_fork_are_rejected (test_live_clx_accounting.IntervalAccounting.test_missing_receipt_and_fork_are_rejected) ... ok
test_static_issuance_is_distinct_from_rpc_reward_and_gas (test_live_clx_accounting.IntervalAccounting.test_static_issuance_is_distinct_from_rpc_reward_and_gas) ... ok
test_unrelated_workload_is_not_silently_ignored (test_live_clx_accounting.IntervalAccounting.test_unrelated_workload_is_not_silently_ignored) ... ok
test_prepare_is_fresh_only_and_does_not_initialize_data (test_live_common.AdditionalCommon.test_prepare_is_fresh_only_and_does_not_initialize_data) ... ok
test_private_distinct_listeners_and_no_optional_work_by_default (test_live_common.AdditionalCommon.test_private_distinct_listeners_and_no_optional_work_by_default) ... ok
test_unlisted_indices_and_unowned_zero_identity_rejected (test_live_common.AdditionalCommon.test_unlisted_indices_and_unowned_zero_identity_rejected) ... ok
test_interleaved_inbox_reconciles_exact_action_and_atomically_advances_phase (test_live_finance.DurableIntentTest.test_interleaved_inbox_reconciles_exact_action_and_atomically_advances_phase) ... ok
test_known_mempool_transaction_is_not_resent_or_finalized (test_live_finance.DurableIntentTest.test_known_mempool_transaction_is_not_resent_or_finalized) ... ok
test_amount_byte_width (test_live_finance.FinanceTest.test_amount_byte_width) ... ok
test_funding_total_identity_and_checkpoint_budget (test_live_finance.FinanceTest.test_funding_total_identity_and_checkpoint_budget) ... ok
test_independent_225_to_214_native_ledger_and_duplicate_claim (test_live_finance.FinanceTest.test_independent_225_to_214_native_ledger_and_duplicate_claim) ... ok
test_journal_atomic_and_exclusive_next_file (test_live_finance.FinanceTest.test_journal_atomic_and_exclusive_next_file) ... ok
test_no_remote_network_fallback (test_live_finance.FinanceTest.test_no_remote_network_fallback) ... ok
test_dedicated_owner_marker_reuse_and_foreign_directory (test_live_finance.OutputOwnershipTest.test_dedicated_owner_marker_reuse_and_foreign_directory) ... ok
test_app_addition_or_missing_node_requires_new_inventory (test_live_generation_plan.GenerationPlanTests.test_app_addition_or_missing_node_requires_new_inventory) ... ok
test_archive_never_merges_existing_destination (test_live_generation_plan.GenerationPlanTests.test_archive_never_merges_existing_destination) ... ok
test_candidate_genesis_identity_checked_but_never_authorizes_execution (test_live_generation_plan.GenerationPlanTests.test_candidate_genesis_identity_checked_but_never_authorizes_execution) ... ok
test_datadir_symlink_refused (test_live_generation_plan.GenerationPlanTests.test_datadir_symlink_refused) ... ok
test_new_chain_id_and_domain_required (test_live_generation_plan.GenerationPlanTests.test_new_chain_id_and_domain_required) ... ok
test_node_identity_mismatch_and_duplicate_process_refused (test_live_generation_plan.GenerationPlanTests.test_node_identity_mismatch_and_duplicate_process_refused) ... ok
test_plan_is_blocked_exact_targets_and_does_not_read_keys_or_mutate_data (test_live_generation_plan.GenerationPlanTests.test_plan_is_blocked_exact_targets_and_does_not_read_keys_or_mutate_data) ... ok
test_secret_symlink_or_hardlink_refused_without_reading (test_live_generation_plan.GenerationPlanTests.test_secret_symlink_or_hardlink_refused_without_reading) ... ok
test_split_genesis_or_chain_id_refused (test_live_generation_plan.GenerationPlanTests.test_split_genesis_or_chain_id_refused) ... ok
test_stale_and_future_observations_refused (test_live_generation_plan.GenerationPlanTests.test_stale_and_future_observations_refused) ... ok
test_wrong_host_workspace_or_user_refused (test_live_generation_plan.GenerationPlanTests.test_wrong_host_workspace_or_user_refused) ... ok
test_changed_config_symlink_and_duplicate_payer_rejected (test_live_relay.RelayLauncherTest.test_changed_config_symlink_and_duplicate_payer_rejected) ... ok
test_no_third_index_or_runtime_parent_creation (test_live_relay.RelayLauncherTest.test_no_third_index_or_runtime_parent_creation) ... ok
test_old_genesis_missing_activation_and_foreign_domain_reject_before_rpc (test_live_relay.RelayLauncherTest.test_old_genesis_missing_activation_and_foreign_domain_reject_before_rpc) ... ok
test_prepare_only_two_relays_and_exec_command (test_live_relay.RelayLauncherTest.test_prepare_only_two_relays_and_exec_command) ... ok
test_source_running_old_database_rejected (test_live_relay.RelayLauncherTest.test_source_running_old_database_rejected) ... ok
test_auth_requires_explicit_matching_new_generation (test_live_roles.LocalRoleBinding.test_auth_requires_explicit_matching_new_generation) ... ok
test_default_off_and_committee_never_participates (test_live_roles.LocalRoleBinding.test_default_off_and_committee_never_participates) ... ok
test_independent_disable_and_wrong_generation_rejected (test_live_roles.LocalRoleBinding.test_independent_disable_and_wrong_generation_rejected) ... ok
test_manifest_tamper_duplicate_and_symlink_rejected (test_live_roles.LocalRoleBinding.test_manifest_tamper_duplicate_and_symlink_rejected) ... ok
test_approval_expiry_and_other_apps_untouched (test_live_switch_generation.SwitchTests.test_approval_expiry_and_other_apps_untouched) ... ok
test_four_phases_keep_keys_and_never_copy_wal (test_live_switch_generation.SwitchTests.test_four_phases_keep_keys_and_never_copy_wal) ... ok
test_partial_archive_resume_by_original_inode (test_live_switch_generation.SwitchTests.test_partial_archive_resume_by_original_inode) ... ok
test_partial_init_retries_without_old_wal_or_rollback (test_live_switch_generation.SwitchTests.test_partial_init_retries_without_old_wal_or_rollback) ... ok
test_preflight_readonly_and_missing_consent (test_live_switch_generation.SwitchTests.test_preflight_readonly_and_missing_consent) ... ok
test_private_key_symlink_and_changed_launcher_refused (test_live_switch_generation.SwitchTests.test_private_key_symlink_and_changed_launcher_refused) ... ok
test_stale_foreign_hash_and_writer_refusal (test_live_switch_generation.SwitchTests.test_stale_foreign_hash_and_writer_refusal) ... ok
test_symlink_secret_and_datadir_refused (test_live_switch_generation.SwitchTests.test_symlink_secret_and_datadir_refused) ... ok
test_explicit_existing_roles_have_unique_paths_and_ports (test_live_tools.LiveToolsTests.test_explicit_existing_roles_have_unique_paths_and_ports) ... ok
test_secret_arguments_not_observed (test_live_tools.LiveToolsTests.test_secret_arguments_not_observed) ... ok
test_unknown_committee_layout_rejected (test_live_tools.LiveToolsTests.test_unknown_committee_layout_rejected) ... ok

----------------------------------------------------------------------
Ran 45 tests in 0.764s

OK
